Component: Arm Compiler for Embedded 6.19 Tool: armlink [5e73cb00]

==============================================================================

Section Cross References

    startup_stm32f411xe.o(STACK) refers (Special) to heapauxi.o(.text) for __use_two_region_memory
    startup_stm32f411xe.o(HEAP) refers (Special) to heapauxi.o(.text) for __use_two_region_memory
    startup_stm32f411xe.o(RESET) refers (Special) to heapauxi.o(.text) for __use_two_region_memory
    startup_stm32f411xe.o(RESET) refers to startup_stm32f411xe.o(STACK) for __initial_sp
    startup_stm32f411xe.o(RESET) refers to startup_stm32f411xe.o(.text) for Reset_Handler
    startup_stm32f411xe.o(RESET) refers to stm32f4xx_it.o(.text.NMI_Handler) for NMI_Handler
    startup_stm32f411xe.o(RESET) refers to stm32f4xx_it.o(.text.HardFault_Handler) for HardFault_Handler
    startup_stm32f411xe.o(RESET) refers to stm32f4xx_it.o(.text.MemManage_Handler) for MemManage_Handler
    startup_stm32f411xe.o(RESET) refers to stm32f4xx_it.o(.text.BusFault_Handler) for BusFault_Handler
    startup_stm32f411xe.o(RESET) refers to stm32f4xx_it.o(.text.UsageFault_Handler) for UsageFault_Handler
    startup_stm32f411xe.o(RESET) refers to port.o(.text.SVC_Handler) for SVC_Handler
    startup_stm32f411xe.o(RESET) refers to stm32f4xx_it.o(.text.DebugMon_Handler) for DebugMon_Handler
    startup_stm32f411xe.o(RESET) refers to port.o(.text.PendSV_Handler) for PendSV_Handler
    startup_stm32f411xe.o(RESET) refers to cmsis_os2.o(.text.SysTick_Handler) for SysTick_Handler
    startup_stm32f411xe.o(RESET) refers to stm32f4xx_it.o(.text.TIM1_UP_TIM10_IRQHandler) for TIM1_UP_TIM10_IRQHandler
    startup_stm32f411xe.o(.text) refers (Special) to heapauxi.o(.text) for __use_two_region_memory
    startup_stm32f411xe.o(.text) refers to system_stm32f4xx.o(.text.SystemInit) for SystemInit
    startup_stm32f411xe.o(.text) refers to __main.o(!!!main) for __main
    startup_stm32f411xe.o(.text) refers to startup_stm32f411xe.o(HEAP) for Heap_Mem
    startup_stm32f411xe.o(.text) refers to startup_stm32f411xe.o(STACK) for Stack_Mem
    main.o(.text.debug_print) refers to vsnprintf.o(.text) for vsnprintf
    main.o(.text.debug_print) refers to strlen.o(.text) for strlen
    main.o(.text.debug_print) refers to usart.o(.bss.huart2) for huart2
    main.o(.text.debug_print) refers to stm32f4xx_hal_uart.o(.text.HAL_UART_Transmit) for HAL_UART_Transmit
    main.o(.ARM.exidx.text.debug_print) refers to main.o(.text.debug_print) for [Anonymous Symbol]
    main.o(.text.LogEvent) refers to tasks.o(.text.xTaskGetTickCount) for xTaskGetTickCount
    main.o(.text.LogEvent) refers to main.o(.bss.g_eventLogIndex) for g_eventLogIndex
    main.o(.text.LogEvent) refers to main.o(.bss.g_eventLog) for g_eventLog
    main.o(.text.LogEvent) refers to strncpy.o(.text) for strncpy
    main.o(.ARM.exidx.text.LogEvent) refers to main.o(.text.LogEvent) for [Anonymous Symbol]
    main.o(.text.PrintEventLog) refers to main.o(.text.debug_print) for debug_print
    main.o(.text.PrintEventLog) refers to main.o(.bss.g_eventLogIndex) for g_eventLogIndex
    main.o(.text.PrintEventLog) refers to main.o(.bss.g_eventLog) for g_eventLog
    main.o(.ARM.exidx.text.PrintEventLog) refers to main.o(.text.PrintEventLog) for [Anonymous Symbol]
    main.o(.text.main) refers to stm32f4xx_hal.o(.text.HAL_Init) for HAL_Init
    main.o(.text.main) refers to main.o(.text.SystemClock_Config) for SystemClock_Config
    main.o(.text.main) refers to queue.o(.text.xQueueGenericCreate) for xQueueGenericCreate
    main.o(.text.main) refers to main.o(.bss..L_MergedGlobals) for .L_MergedGlobals
    main.o(.text.main) refers to cmsis_os2.o(.text.osKernelInitialize) for osKernelInitialize
    main.o(.text.main) refers to freertos.o(.text.MX_FREERTOS_Init) for MX_FREERTOS_Init
    main.o(.text.main) refers to cmsis_os2.o(.text.osKernelStart) for osKernelStart
    main.o(.ARM.exidx.text.main) refers to main.o(.text.main) for [Anonymous Symbol]
    main.o(.text.SystemClock_Config) refers to stm32f4xx_hal_rcc.o(.text.HAL_RCC_OscConfig) for HAL_RCC_OscConfig
    main.o(.text.SystemClock_Config) refers to stm32f4xx_hal_rcc.o(.text.HAL_RCC_ClockConfig) for HAL_RCC_ClockConfig
    main.o(.ARM.exidx.text.SystemClock_Config) refers to main.o(.text.SystemClock_Config) for [Anonymous Symbol]
    main.o(.ARM.exidx.text.Error_Handler) refers to main.o(.text.Error_Handler) for [Anonymous Symbol]
    main.o(.text.HAL_TIM_PeriodElapsedCallback) refers to stm32f4xx_hal.o(.text.HAL_IncTick) for HAL_IncTick
    main.o(.ARM.exidx.text.HAL_TIM_PeriodElapsedCallback) refers to main.o(.text.HAL_TIM_PeriodElapsedCallback) for [Anonymous Symbol]
    gpio.o(.text.MX_GPIO_Init) refers to stm32f4xx_hal_gpio.o(.text.HAL_GPIO_WritePin) for HAL_GPIO_WritePin
    gpio.o(.text.MX_GPIO_Init) refers to stm32f4xx_hal_gpio.o(.text.HAL_GPIO_Init) for HAL_GPIO_Init
    gpio.o(.ARM.exidx.text.MX_GPIO_Init) refers to gpio.o(.text.MX_GPIO_Init) for [Anonymous Symbol]
[...]
    pxEnd                                    0x20000140   Data           4  heap_4.o(.bss..L_MergedGlobals)
    xFreeBytesRemaining                      0x20000144   Data           4  heap_4.o(.bss..L_MergedGlobals)
    xMinimumEverFreeBytesRemaining           0x20000148   Data           4  heap_4.o(.bss..L_MergedGlobals)
    xNumberOfSuccessfulAllocations           0x2000014c   Data           4  heap_4.o(.bss..L_MergedGlobals)
    xNumberOfSuccessfulFrees                 0x20000150   Data           4  heap_4.o(.bss..L_MergedGlobals)
    xStart                                   0x20000154   Data           8  heap_4.o(.bss..L_MergedGlobals)
    .L_MergedGlobals                         0x2000015c   Data           8  port.o(.bss..L_MergedGlobals)
    ucMaxSysCallPriority                     0x2000015c   Data           1  port.o(.bss..L_MergedGlobals)
    [Anonymous Symbol]                       0x2000015c   Section        0  port.o(.bss..L_MergedGlobals)
    ulMaxPRIGROUPValue                       0x20000160   Data           4  port.o(.bss..L_MergedGlobals)
    .L_MergedGlobals.1                       0x20000164   Data          40  tasks.o(.bss..L_MergedGlobals.1)
    xDelayedTaskList1                        0x20000164   Data          20  tasks.o(.bss..L_MergedGlobals.1)
    [Anonymous Symbol]                       0x20000164   Section        0  tasks.o(.bss..L_MergedGlobals.1)
    xDelayedTaskList2                        0x20000178   Data          20  tasks.o(.bss..L_MergedGlobals.1)
    KernelState                              0x2000018c   Data           4  cmsis_os2.o(.bss.KernelState)
    [Anonymous Symbol]                       0x2000018c   Section        0  cmsis_os2.o(.bss.KernelState)
    prvCheckForValidListAndQueue.ucStaticTimerQueueStorage 0x20000f74   Data         160  timers.o(.bss.prvCheckForValidListAndQueue.ucStaticTimerQueueStorage)
    [Anonymous Symbol]                       0x20000f74   Section        0  timers.o(.bss.prvCheckForValidListAndQueue.ucStaticTimerQueueStorage)
    prvCheckForValidListAndQueue.xStaticTimerQueue 0x20001014   Data          80  timers.o(.bss.prvCheckForValidListAndQueue.xStaticTimerQueue)
    [Anonymous Symbol]                       0x20001014   Section        0  timers.o(.bss.prvCheckForValidListAndQueue.xStaticTimerQueue)
    pxReadyTasksLists                        0x20001064   Data        1120  tasks.o(.bss.pxReadyTasksLists)
    [Anonymous Symbol]                       0x20001064   Section        0  tasks.o(.bss.pxReadyTasksLists)
    ucHeap                                   0x200014c4   Data       15360  heap_4.o(.bss.ucHeap)
    [Anonymous Symbol]                       0x200014c4   Section        0  heap_4.o(.bss.ucHeap)
    vApplicationGetIdleTaskMemory.Idle_Stack 0x200050c8   Data         512  cmsis_os2.o(.bss.vApplicationGetIdleTaskMemory.Idle_Stack)
    [Anonymous Symbol]                       0x200050c8   Section        0  cmsis_os2.o(.bss.vApplicationGetIdleTaskMemory.Idle_Stack)
    vApplicationGetIdleTaskMemory.Idle_TCB   0x200052c8   Data          92  cmsis_os2.o(.bss.vApplicationGetIdleTaskMemory.Idle_TCB)
    [Anonymous Symbol]                       0x200052c8   Section        0  cmsis_os2.o(.bss.vApplicationGetIdleTaskMemory.Idle_TCB)
    vApplicationGetTimerTaskMemory.Timer_Stack 0x20005324   Data        1024  cmsis_os2.o(.bss.vApplicationGetTimerTaskMemory.Timer_Stack)
    [Anonymous Symbol]                       0x20005324   Section        0  cmsis_os2.o(.bss.vApplicationGetTimerTaskMemory.Timer_Stack)
    vApplicationGetTimerTaskMemory.Timer_TCB 0x20005724   Data          92  cmsis_os2.o(.bss.vApplicationGetTimerTaskMemory.Timer_TCB)
    [Anonymous Symbol]                       0x20005724   Section        0  cmsis_os2.o(.bss.vApplicationGetTimerTaskMemory.Timer_TCB)
    vTaskFireLogic.lastWarnTick              0x20005780   Data           4  fire_logic.o(.bss.vTaskFireLogic.lastWarnTick)
    [Anonymous Symbol]                       0x20005780   Section        0  fire_logic.o(.bss.vTaskFireLogic.lastWarnTick)
    Heap_Mem                                 0x200057c8   Data         512  startup_stm32f411xe.o(HEAP)
    HEAP                                     0x200057c8   Section      512  startup_stm32f411xe.o(HEAP)
    Stack_Mem                                0x200059c8   Data        1024  startup_stm32f411xe.o(STACK)
    STACK                                    0x200059c8   Section     1024  startup_stm32f411xe.o(STACK)
    __initial_sp                             0x20005dc8   Data           0  startup_stm32f411xe.o(STACK)

    Global Symbols

    Symbol Name                              Value     Ov Type        Size  Object(Section)

    BuildAttributes$$THM_ISAv4$E$P$D$K$B$S$7EM$VFPi3$EXTD16$VFPS$VFMA$PE$A:L22UL41UL21$X:L11$S22US41US21$IEEE1$IW$~IW$USESV6$~STKCKD$USESV7$~SHL$OTIME$ROPI$IEEEJ$EBA8$UX$STANDARDLIB$REQ8$PRES8$EABIv2 0x00000000   Number         0  anon$$obj.o ABSOLUTE
    _printf_flags                            0x00000000   Number         0  printf_stubs.o ABSOLUTE
    _printf_return_value                     0x00000000   Number         0  printf_stubs.o ABSOLUTE
    _printf_sizespec                         0x00000000   Number         0  printf_stubs.o ABSOLUTE
    _printf_widthprec                        0x00000000   Number         0  printf_stubs.o ABSOLUTE
    __ARM_exceptions_init                     - Undefined Weak Reference
    __alloca_initialize                       - Undefined Weak Reference
    __arm_preinit_                            - Undefined Weak Reference
    __arm_relocate_pie_                       - Undefined Weak Reference
    __cpp_initialize__aeabi_                  - Undefined Weak Reference
    __cxa_finalize                            - Undefined Weak Reference
    __sigvec_lookup                           - Undefined Weak Reference
    _atexit_init                              - Undefined Weak Reference
    _call_atexit_fns                          - Undefined Weak Reference
    _clock_init                               - Undefined Weak Reference
    _fp_trap_init                             - Undefined Weak Reference
    _fp_trap_shutdown                         - Undefined Weak Reference
    _get_lc_collate                           - Undefined Weak Reference
    _get_lc_monetary                          - Undefined Weak Reference
    _get_lc_time                              - Undefined Weak Reference
    _getenv_init                              - Undefined Weak Reference
    _handle_redirection                       - Undefined Weak Reference
    _init_alloc                               - Undefined Weak Reference
    _init_user_alloc                          - Undefined Weak Reference
    _initio                                   - Undefined Weak Reference
    _printf_mbtowc                            - Undefined Weak Reference
    _printf_wc                                - Undefined Weak Reference
    _rand_init                                - Undefined Weak Reference
    _signal_finish                            - Undefined Weak Reference
    _signal_init                              - Undefined Weak Reference
    _terminate_alloc                          - Undefined Weak Reference
    _terminate_user_alloc                     - Undefined Weak Reference
    _terminateio                              - Undefined Weak Reference
    __Vectors_Size                           0x00000198   Number         0  startup_stm32f411xe.o ABSOLUTE
    __Vectors                                0x08000000   Data           4  startup_stm32f411xe.o(RESET)
    __Vectors_End                            0x08000198   Data           0  startup_stm32f411xe.o(RESET)
    __main                                   0x08000199   Thumb Code     8  __main.o(!!!main)
    __scatterload                            0x080001a1   Thumb Code     0  __scatter.o(!!!scatter)
    __scatterload_rt2                        0x080001a1   Thumb Code    44  __scatter.o(!!!scatter)
    __scatterload_rt2_thumb_only             0x080001a1   Thumb Code     0  __scatter.o(!!!scatter)
    __scatterload_null                       0x080001af   Thumb Code     0  __scatter.o(!!!scatter)
    __scatterload_copy                       0x080001d5   Thumb Code    26  __scatter_copy.o(!!handler_copy)
    __scatterload_zeroinit                   0x080001f1   Thumb Code    28  __scatter_zi.o(!!handler_zi)
    _printf_n                                0x0800020d   Thumb Code     0  _printf_n.o(.ARM.Collect$$_printf_percent$$00000001)
    _printf_percent                          0x0800020d   Thumb Code     0  _printf_percent.o(.ARM.Collect$$_printf_percent$$00000000)
    _printf_p                                0x08000213   Thumb Code     0  _printf_p.o(.ARM.Collect$$_printf_percent$$00000002)
    _printf_f                                0x08000219   Thumb Code     0  _printf_f.o(.ARM.Collect$$_printf_percent$$00000003)
    _printf_e                                0x0800021f   Thumb Code     0  _printf_e.o(.ARM.Collect$$_printf_percent$$00000004)
    _printf_g                                0x08000225   Thumb Code     0  _printf_g.o(.ARM.Collect$$_printf_percent$$00000005)
    _printf_a                                0x0800022b   Thumb Code     0  _printf_a.o(.ARM.Collect$$_printf_percent$$00000006)
    _printf_ll                               0x08000231   Thumb Code     0  _printf_ll.o(.ARM.Collect$$_printf_percent$$00000007)
    _printf_i                                0x0800023b   Thumb Code     0  _printf_i.o(.ARM.Collect$$_printf_percent$$00000008)
    _printf_d                                0x08000241   Thumb Code     0  _printf_d.o(.ARM.Collect$$_printf_percent$$00000009)
    _printf_u                                0x08000247   Thumb Code     0  _printf_u.o(.ARM.Collect$$_printf_percent$$0000000A)
    _printf_o                                0x0800024d   Thumb Code     0  _printf_o.o(.ARM.Collect$$_printf_percent$$0000000B)
    _printf_x                                0x08000253   Thumb Code     0  _printf_x.o(.ARM.Collect$$_printf_percent$$0000000C)
    _printf_lli                              0x08000259   Thumb Code     0  _printf_lli.o(.ARM.Collect$$_printf_percent$$0000000D)
    _printf_lld                              0x0800025f   Thumb Code     0  _printf_lld.o(.ARM.Collect$$_printf_percent$$0000000E)
    _printf_llu                              0x08000265   Thumb Code     0  _printf_llu.o(.ARM.Collect$$_printf_percent$$0000000F)
    _printf_llo                              0x0800026b   Thumb Code     0  _printf_llo.o(.ARM.Collect$$_printf_percent$$00000010)
    _printf_llx                              0x08000271   Thumb Code     0  _printf_llx.o(.ARM.Collect$$_printf_percent$$00000011)
    _printf_l                                0x08000277   Thumb Code     0  _printf_l.o(.ARM.Collect$$_printf_percent$$00000012)
    _printf_c                                0x08000281   Thumb Code     0  _printf_c.o(.ARM.Collect$$_printf_percent$$00000013)
    _printf_s                                0x08000287   Thumb Code     0  _printf_s.o(.ARM.Collect$$_printf_percent$$00000014)
    _printf_lc                               0x0800028d   Thumb Code     0  _printf_lc.o(.ARM.Collect$$_printf_percent$$00000015)
    _printf_ls                               0x08000293   Thumb Code     0  _printf_ls.o(.ARM.Collect$$_printf_percent$$00000016)
    _printf_percent_end                      0x08000299   Thumb Code     0  _printf_percent_end.o(.ARM.Collect$$_printf_percent$$00000017)
    __rt_lib_init                            0x0800029d   Thumb Code     0  libinit.o(.ARM.Collect$$libinit$$00000000)
    __rt_lib_init_fp_1                       0x0800029f   Thumb Code     0  libinit2.o(.ARM.Collect$$libinit$$00000001)
    __rt_lib_init_heap_1                     0x080002a3   Thumb Code     0  libinit2.o(.ARM.Collect$$libinit$$0000000C)
    __rt_lib_init_lc_common                  0x080002a3   Thumb Code     0  libinit2.o(.ARM.Collect$$libinit$$00000011)
    __rt_lib_init_preinit_1                  0x080002a3   Thumb Code     0  libinit2.o(.ARM.Collect$$libinit$$00000006)
    __rt_lib_init_rand_1                     0x080002a3   Thumb Code     0  libinit2.o(.ARM.Collect$$libinit$$00000010)
    __rt_lib_init_relocate_pie_1             0x080002a3   Thumb Code     0  libinit2.o(.ARM.Collect$$libinit$$00000004)
    __rt_lib_init_user_alloc_1               0x080002a3   Thumb Code     0  libinit2.o(.ARM.Collect$$libinit$$0000000E)
    __rt_lib_init_lc_collate_1               0x080002a9   Thumb Code     0  libinit2.o(.ARM.Collect$$libinit$$00000013)
    __rt_lib_init_lc_ctype_2                 0x080002a9   Thumb Code     0  libinit2.o(.ARM.Collect$$libinit$$00000014)
    __rt_lib_init_lc_ctype_1                 0x080002b5   Thumb Code     0  libinit2.o(.ARM.Collect$$libinit$$00000015)
    __rt_lib_init_lc_monetary_1              0x080002b5   Thumb Code     0  libinit2.o(.ARM.Collect$$libinit$$00000017)
    __rt_lib_init_lc_numeric_2               0x080002b5   Thumb Code     0  libinit2.o(.ARM.Collect$$libinit$$00000018)
    __rt_lib_init_alloca_1                   0x080002bf   Thumb Code     0  libinit2.o(.ARM.Collect$$libinit$$00000030)
    __rt_lib_init_argv_1                     0x080002bf   Thumb Code     0  libinit2.o(.ARM.Collect$$libinit$$0000002E)
    __rt_lib_init_atexit_1                   0x080002bf   Thumb Code     0  libinit2.o(.ARM.Collect$$libinit$$0000001D)
    __rt_lib_init_clock_1                    0x080002bf   Thumb Code     0  libinit2.o(.ARM.Collect$$libinit$$00000023)
    __rt_lib_init_cpp_1                      0x080002bf   Thumb Code     0  libinit2.o(.ARM.Collect$$libinit$$00000034)
    __rt_lib_init_exceptions_1               0x080002bf   Thumb Code     0  libinit2.o(.ARM.Collect$$libinit$$00000032)
    __rt_lib_init_fp_trap_1                  0x080002bf   Thumb Code     0  libinit2.o(.ARM.Collect$$libinit$$00000021)
    __rt_lib_init_getenv_1                   0x080002bf   Thumb Code     0  libinit2.o(.ARM.Collect$$libinit$$00000025)
    __rt_lib_init_lc_numeric_1               0x080002bf   Thumb Code     0  libinit2.o(.ARM.Collect$$libinit$$00000019)
    __rt_lib_init_lc_time_1                  0x080002bf   Thumb Code     0  libinit2.o(.ARM.Collect$$libinit$$0000001B)
    __rt_lib_init_return                     0x080002bf   Thumb Code     0  libinit2.o(.ARM.Collect$$libinit$$00000035)
    __rt_lib_init_signal_1                   0x080002bf   Thumb Code     0  libinit2.o(.ARM.Collect$$libinit$$0000001F)
    __rt_lib_init_stdio_1                    0x080002bf   Thumb Code     0  libinit2.o(.ARM.Collect$$libinit$$00000027)
    __rt_lib_shutdown                        0x080002c1   Thumb Code     0  libshutdown.o(.ARM.Collect$$libshutdown$$00000000)
    __rt_lib_shutdown_cpp_1                  0x080002c3   Thumb Code     0  libshutdown2.o(.ARM.Collect$$libshutdown$$00000002)
    __rt_lib_shutdown_fp_trap_1              0x080002c3   Thumb Code     0  libshutdown2.o(.ARM.Collect$$libshutdown$$00000007)
    __rt_lib_shutdown_heap_1                 0x080002c3   Thumb Code     0  libshutdown2.o(.ARM.Collect$$libshutdown$$0000000F)
    __rt_lib_shutdown_return                 0x080002c3   Thumb Code     0  libshutdown2.o(.ARM.Collect$$libshutdown$$00000010)
    __rt_lib_shutdown_signal_1               0x080002c3   Thumb Code     0  libshutdown2.o(.ARM.Collect$$libshutdown$$0000000A)
    __rt_lib_shutdown_stdio_1                0x080002c3   Thumb Code     0  libshutdown2.o(.ARM.Collect$$libshutdown$$00000004)
    __rt_lib_shutdown_user_alloc_1           0x080002c3   Thumb Code     0  libshutdown2.o(.ARM.Collect$$libshutdown$$0000000C)
    __rt_entry                               0x080002c5   Thumb Code     0  __rtentry.o(.ARM.Collect$$rtentry$$00000000)
    __rt_entry_presh_1                       0x080002c5   Thumb Code     0  __rtentry2.o(.ARM.Collect$$rtentry$$00000002)
    __rt_entry_sh                            0x080002c5   Thumb Code     0  __rtentry4.o(.ARM.Collect$$rtentry$$00000004)
    __rt_entry_li                            0x080002cb   Thumb Code     0  __rtentry2.o(.ARM.Collect$$rtentry$$0000000A)
    __rt_entry_postsh_1                      0x080002cb   Thumb Code     0  __rtentry2.o(.ARM.Collect$$rtentry$$00000009)
    __rt_entry_main                          0x080002cf   Thumb Code     0  __rtentry2.o(.ARM.Collect$$rtentry$$0000000D)
    __rt_entry_postli_1                      0x080002cf   Thumb Code     0  __rtentry2.o(.ARM.Collect$$rtentry$$0000000C)
    __rt_exit                                0x080002d7   Thumb Code     0  rtexit.o(.ARM.Collect$$rtexit$$00000000)
    __rt_exit_ls                             0x080002d9   Thumb Code     0  rtexit2.o(.ARM.Collect$$rtexit$$00000003)
    __rt_exit_prels_1                        0x080002d9   Thumb Code     0  rtexit2.o(.ARM.Collect$$rtexit$$00000002)
    __rt_exit_exit                           0x080002dd   Thumb Code     0  rtexit2.o(.ARM.Collect$$rtexit$$00000004)
    Reset_Handler                            0x080002e5   Thumb Code     8  startup_stm32f411xe.o(.text)
    ADC_IRQHandler                           0x080002ff   Thumb Code     0  startup_stm32f411xe.o(.text)
    DMA1_Stream0_IRQHandler                  0x080002ff   Thumb Code     0  startup_stm32f411xe.o(.text)
    DMA1_Stream1_IRQHandler                  0x080002ff   Thumb Code     0  startup_stm32f411xe.o(.text)
    DMA1_Stream2_IRQHandler                  0x080002ff   Thumb Code     0  startup_stm32f411xe.o(.text)
    DMA1_Stream3_IRQHandler                  0x080002ff   Thumb Code     0  startup_stm32f411xe.o(.text)
    DMA1_Stream4_IRQHandler                  0x080002ff   Thumb Code     0  startup_stm32f411xe.o(.text)
    DMA1_Stream5_IRQHandler                  0x080002ff   Thumb Code     0  startup_stm32f411xe.o(.text)
    DMA1_Stream6_IRQHandler                  0x080002ff   Thumb Code     0  startup_stm32f411xe.o(.text)
    DMA1_Stream7_IRQHandler                  0x080002ff   Thumb Code     0  startup_stm32f411xe.o(.text)
    DMA2_Stream0_IRQHandler                  0x080002ff   Thumb Code     0  startup_stm32f411xe.o(.text)
    DMA2_Stream1_IRQHandler                  0x080002ff   Thumb Code     0  startup_stm32f411xe.o(.text)
    DMA2_Stream2_IRQHandler                  0x080002ff   Thumb Code     0  startup_stm32f411xe.o(.text)
    DMA2_Stream3_IRQHandler                  0x080002ff   Thumb Code     0  startup_stm32f411xe.o(.text)
    DMA2_Stream4_IRQHandler                  0x080002ff   Thumb Code     0  startup_stm32f411xe.o(.text)
    DMA2_Stream5_IRQHandler                  0x080002ff   Thumb Code     0  startup_stm32f411xe.o(.text)
    DMA2_Stream6_IRQHandler                  0x080002ff   Thumb Code     0  startup_stm32f411xe.o(.text)
    DMA2_Stream7_IRQHandler                  0x080002ff   Thumb Code     0  startup_stm32f411xe.o(.text)
    EXTI0_IRQHandler                         0x080002ff   Thumb Code     0  startup_stm32f411xe.o(.text)
    EXTI15_10_IRQHandler                     0x080002ff   Thumb Code     0  startup_stm32f411xe.o(.text)
    EXTI1_IRQHandler                         0x080002ff   Thumb Code     0  startup_stm32f411xe.o(.text)
    EXTI2_IRQHandler                         0x080002ff   Thumb Code     0  startup_stm32f411xe.o(.text)
    EXTI3_IRQHandler                         0x080002ff   Thumb Code     0  startup_stm32f411xe.o(.text)
    EXTI4_IRQHandler                         0x080002ff   Thumb Code     0  startup_stm32f411xe.o(.text)
    EXTI9_5_IRQHandler                       0x080002ff   Thumb Code     0  startup_stm32f411xe.o(.text)
    FLASH_IRQHandler                         0x080002ff   Thumb Code     0  startup_stm32f411xe.o(.text)
    FPU_IRQHandler                           0x080002ff   Thumb Code     0  startup_stm32f411xe.o(.text)
    I2C1_ER_IRQHandler                       0x080002ff   Thumb Code     0  startup_stm32f411xe.o(.text)
    I2C1_EV_IRQHandler                       0x080002ff   Thumb Code     0  startup_stm32f411xe.o(.text)
    I2C2_ER_IRQHandler                       0x080002ff   Thumb Code     0  startup_stm32f411xe.o(.text)
    I2C2_EV_IRQHandler                       0x080002ff   Thumb Code     0  startup_stm32f411xe.o(.text)
    I2C3_ER_IRQHandler                       0x080002ff   Thumb Code     0  startup_stm32f411xe.o(.text)
    I2C3_EV_IRQHandler                       0x080002ff   Thumb Code     0  startup_stm32f411xe.o(.text)
    OTG_FS_IRQHandler                        0x080002ff   Thumb Code     0  startup_stm32f411xe.o(.text)
    OTG_FS_WKUP_IRQHandler                   0x080002ff   Thumb Code     0  startup_stm32f411xe.o(.text)
    PVD_IRQHandler                           0x080002ff   Thumb Code     0  startup_stm32f411xe.o(.text)
    RCC_IRQHandler                           0x080002ff   Thumb Code     0  startup_stm32f411xe.o(.text)
    RTC_Alarm_IRQHandler                     0x080002ff   Thumb Code     0  startup_stm32f411xe.o(.text)
    RTC_WKUP_IRQHandler                      0x080002ff   Thumb Code     0  startup_stm32f411xe.o(.text)
    SDIO_IRQHandler                          0x080002ff   Thumb Code     0  startup_stm32f411xe.o(.text)
    SPI1_IRQHandler                          0x080002ff   Thumb Code     0  startup_stm32f411xe.o(.text)
    SPI2_IRQHandler                          0x080002ff   Thumb Code     0  startup_stm32f411xe.o(.text)
    SPI3_IRQHandler                          0x080002ff   Thumb Code     0  startup_stm32f411xe.o(.text)
    SPI4_IRQHandler                          0x080002ff   Thumb Code     0  startup_stm32f411xe.o(.text)
    SPI5_IRQHandler                          0x080002ff   Thumb Code     0  startup_stm32f411xe.o(.text)
    TAMP_STAMP_IRQHandler                    0x080002ff   Thumb Code     0  startup_stm32f411xe.o(.text)
    TIM1_BRK_TIM9_IRQHandler                 0x080002ff   Thumb Code     0  startup_stm32f411xe.o(.text)
    TIM1_CC_IRQHandler                       0x080002ff   Thumb Code     0  startup_stm32f411xe.o(.text)
    TIM1_TRG_COM_TIM11_IRQHandler            0x080002ff   Thumb Code     0  startup_stm32f411xe.o(.text)
    TIM2_IRQHandler                          0x080002ff   Thumb Code     0  startup_stm32f411xe.o(.text)
    TIM3_IRQHandler                          0x080002ff   Thumb Code     0  startup_stm32f411xe.o(.text)
    TIM4_IRQHandler                          0x080002ff   Thumb Code     0  startup_stm32f411xe.o(.text)
    TIM5_IRQHandler                          0x080002ff   Thumb Code     0  startup_stm32f411xe.o(.text)
    USART1_IRQHandler                        0x080002ff   Thumb Code     0  startup_stm32f411xe.o(.text)
    USART2_IRQHandler                        0x080002ff   Thumb Code     0  startup_stm32f411xe.o(.text)
    USART6_IRQHandler                        0x080002ff   Thumb Code     0  startup_stm32f411xe.o(.text)
    WWDG_IRQHandler                          0x080002ff   Thumb Code     0  startup_stm32f411xe.o(.text)
    __user_initial_stackheap                 0x08000301   Thumb Code     0  startup_stm32f411xe.o(.text)
    __aeabi_uldivmod                         0x08000325   Thumb Code     0  lludivv7m.o(.text)
    _ll_udiv                                 0x08000325   Thumb Code   240  lludivv7m.o(.text)
    vsnprintf                                0x08000415   Thumb Code    56  vsnprintf.o(.text)
    __2sprintf                               0x08000451   Thumb Code    38  __2sprintf.o(.text)
    _printf_int_dec                          0x0800047d   Thumb Code   104  _printf_dec.o(.text)
    __printf                                 0x080004f5   Thumb Code   388  __printf_flags_ss_wp.o(.text)
    strlen                                   0x0800067d   Thumb Code    62  strlen.o(.text)
    __aeabi_memcpy                           0x080006bb   Thumb Code     0  rt_memcpy_v6.o(.text)
    __rt_memcpy                              0x080006bb   Thumb Code   138  rt_memcpy_v6.o(.text)
    _memcpy_lastbytes                        0x08000721   Thumb Code     0  rt_memcpy_v6.o(.text)
    __aeabi_memset4                          0x08000745   Thumb Code    16  aeabi_memset4.o(.text)
    __aeabi_memset8                          0x08000745   Thumb Code     0  aeabi_memset4.o(.text)
    __aeabi_memclr                           0x08000755   Thumb Code     0  rt_memclr.o(.text)
    __rt_memclr                              0x08000755   Thumb Code     0  rt_memclr.o(.text)
    _memset                                  0x08000759   Thumb Code    64  rt_memclr.o(.text)
    __aeabi_memclr4                          0x08000799   Thumb Code     0  rt_memclr_w.o(.text)
    __aeabi_memclr8                          0x08000799   Thumb Code     0  rt_memclr_w.o(.text)
    __rt_memclr_w                            0x08000799   Thumb Code     0  rt_memclr_w.o(.text)
    _memset_w                                0x0800079d   Thumb Code    74  rt_memclr_w.o(.text)
    strncpy                                  0x080007e7   Thumb Code    86  strncpy.o(.text)
    __use_two_region_memory                  0x0800083d   Thumb Code     2  heapauxi.o(.text)
    __rt_heap_escrow$2region                 0x0800083f   Thumb Code     2  heapauxi.o(.text)
    __rt_heap_expand$2region                 0x08000841   Thumb Code     2  heapauxi.o(.text)
    _printf_pre_padding                      0x08000843   Thumb Code    44  _printf_pad.o(.text)
    _printf_post_padding                     0x0800086f   Thumb Code    34  _printf_pad.o(.text)
    _printf_truncate_signed                  0x08000891   Thumb Code    18  _printf_truncate.o(.text)
    _printf_truncate_unsigned                0x080008a3   Thumb Code    18  _printf_truncate.o(.text)
    _printf_str                              0x080008b5   Thumb Code    82  _printf_str.o(.text)
    _printf_int_common                       0x08000907   Thumb Code   178  _printf_intcommon.o(.text)
    _printf_charcount                        0x080009b9   Thumb Code    40  _printf_charcount.o(.text)
    _printf_fp_dec_real                      0x08000b91   Thumb Code   620  _printf_fp_dec.o(.text)
    _printf_char_common                      0x08000e07   Thumb Code    32  _printf_char_common.o(.text)
    _sputc                                   0x08000e2d   Thumb Code    10  _sputc.o(.text)
    _snputc                                  0x08000e37   Thumb Code    16  _snputc.o(.text)
    _printf_wctomb                           0x08000e49   Thumb Code   182  _printf_wctomb.o(.text)
    _printf_longlong_dec                     0x08000f05   Thumb Code   108  _printf_longlong_dec.o(.text)
    _printf_longlong_oct                     0x08000f81   Thumb Code    68  _printf_oct_int_ll.o(.text)
    _printf_int_oct                          0x08000fc5   Thumb Code    24  _printf_oct_int_ll.o(.text)
    _printf_ll_oct                           0x08000fdd   Thumb Code    12  _printf_oct_int_ll.o(.text)
    _printf_longlong_hex                     0x08000ff1   Thumb Code    86  _printf_hex_int_ll_ptr.o(.text)
    _printf_int_hex                          0x08001047   Thumb Code    28  _printf_hex_int_ll_ptr.o(.text)
    _printf_ll_hex                           0x08001063   Thumb Code    12  _printf_hex_int_ll_ptr.o(.text)
    _printf_hex_ptr                          0x0800106f   Thumb Code    18  _printf_hex_int_ll_ptr.o(.text)
    __aeabi_memcpy4                          0x08001085   Thumb Code     0  rt_memcpy_w.o(.text)
    __aeabi_memcpy8                          0x08001085   Thumb Code     0  rt_memcpy_w.o(.text)
    __rt_memcpy_w                            0x08001085   Thumb Code   100  rt_memcpy_w.o(.text)
    _memcpy_lastbytes_aligned                0x080010cd   Thumb Code     0  rt_memcpy_w.o(.text)
    __rt_locale                              0x080010e9   Thumb Code     8  rt_locale_intlibspace.o(.text)
    _ll_udiv10                               0x080010f1   Thumb Code   138  lludiv10.o(.text)
    _printf_fp_hex_real                      0x0800117d   Thumb Code   756  _printf_fp_hex.o(.text)
    _printf_fp_infnan                        0x08001479   Thumb Code   112  _printf_fp_infnan.o(.text)
    _printf_cs_common                        0x080014f9   Thumb Code    20  _printf_char.o(.text)
    _printf_char                             0x0800150d   Thumb Code    16  _printf_char.o(.text)
    _printf_string                           0x0800151d   Thumb Code     8  _printf_char.o(.text)
    _printf_lcs_common                       0x08001525   Thumb Code    20  _printf_wchar.o(.text)
    _printf_wchar                            0x08001539   Thumb Code    16  _printf_wchar.o(.text)
    _printf_wstring                          0x08001549   Thumb Code     8  _printf_wchar.o(.text)
    _btod_etento                             0x08001551   Thumb Code   224  bigflt0.o(.text)
    _c16rtomb                                0x08001635   Thumb Code    72  _c16rtomb.o(.text)
    _wcrtomb                                 0x08001635   Thumb Code     0  _c16rtomb.o(.text)
    __user_libspace                          0x0800167d   Thumb Code     8  libspace.o(.text)
    __user_perproc_libspace                  0x0800167d   Thumb Code     0  libspace.o(.text)
    __user_perthread_libspace                0x0800167d   Thumb Code     0  libspace.o(.text)
    __user_setup_stackheap                   0x08001685   Thumb Code    74  sys_stackheap_outer.o(.text)
    __rt_ctype_table                         0x080016d1   Thumb Code    16  rt_ctype_table.o(.text)
    exit                                     0x080016e1   Thumb Code    18  exit.o(.text)
    strcmp                                   0x080016f9   Thumb Code   124  strcmpv7em.o(.text)
    _sys_exit                                0x08001775   Thumb Code     8  sys_exit.o(.text)
    __I$use$semihosting                      0x08001781   Thumb Code     0  use_no_semi.o(.text)
    __use_no_semihosting_swi                 0x08001781   Thumb Code     2  use_no_semi.o(.text)
    __semihosting_library_function           0x08001783   Thumb Code     0  indicate_semi.o(.text)
    BusFault_Handler                         0x08001785   Thumb Code     2  stm32f4xx_it.o(.text.BusFault_Handler)
    DebugMon_Handler                         0x08001789   Thumb Code     2  stm32f4xx_it.o(.text.DebugMon_Handler)
    HAL_GPIO_ReadPin                         0x0800178d   Thumb Code    10  stm32f4xx_hal_gpio.o(.text.HAL_GPIO_ReadPin)
    HAL_GetTick                              0x08001799   Thumb Code    12  stm32f4xx_hal.o(.text.HAL_GetTick)
    HAL_IncTick                              0x080017a5   Thumb Code    26  stm32f4xx_hal.o(.text.HAL_IncTick)
    HAL_Init                                 0x080017c1   Thumb Code    54  stm32f4xx_hal.o(.text.HAL_Init)
    HAL_InitTick                             0x080017f9   Thumb Code   176  stm32f4xx_hal_timebase_tim.o(.text.HAL_InitTick)
    HAL_MspInit                              0x080018a9   Thumb Code    66  stm32f4xx_hal_msp.o(.text.HAL_MspInit)
    HAL_NVIC_EnableIRQ                       0x080018ed   Thumb Code    38  stm32f4xx_hal_cortex.o(.text.HAL_NVIC_EnableIRQ)
    HAL_NVIC_SetPriority                     0x08001915   Thumb Code    86  stm32f4xx_hal_cortex.o(.text.HAL_NVIC_SetPriority)
    HAL_NVIC_SetPriorityGrouping             0x0800196d   Thumb Code    32  stm32f4xx_hal_cortex.o(.text.HAL_NVIC_SetPriorityGrouping)
    HAL_RCC_ClockConfig                      0x0800198d   Thumb Code   352  stm32f4xx_hal_rcc.o(.text.HAL_RCC_ClockConfig)
    HAL_RCC_GetClockConfig                   0x08001aed   Thumb Code    62  stm32f4xx_hal_rcc.o(.text.HAL_RCC_GetClockConfig)
    HAL_RCC_GetPCLK2Freq                     0x08001b2d   Thumb Code    38  stm32f4xx_hal_rcc.o(.text.HAL_RCC_GetPCLK2Freq)
    HAL_RCC_GetSysClockFreq                  0x08001b55   Thumb Code   106  stm32f4xx_hal_rcc.o(.text.HAL_RCC_GetSysClockFreq)
    HAL_RCC_OscConfig                        0x08001bc1   Thumb Code   884  stm32f4xx_hal_rcc.o(.text.HAL_RCC_OscConfig)
    HAL_TIMEx_BreakCallback                  0x08001f35   Thumb Code     2  stm32f4xx_hal_tim_ex.o(.text.HAL_TIMEx_BreakCallback)
    HAL_TIMEx_CommutCallback                 0x08001f39   Thumb Code     2  stm32f4xx_hal_tim_ex.o(.text.HAL_TIMEx_CommutCallback)
    HAL_TIM_Base_Init                        0x08001f3d   Thumb Code    90  stm32f4xx_hal_tim.o(.text.HAL_TIM_Base_Init)
    HAL_TIM_Base_MspInit                     0x08001f99   Thumb Code     2  stm32f4xx_hal_tim.o(.text.HAL_TIM_Base_MspInit)
    HAL_TIM_Base_Start_IT                    0x08001f9d   Thumb Code   132  stm32f4xx_hal_tim.o(.text.HAL_TIM_Base_Start_IT)
    HAL_TIM_IC_CaptureCallback               0x08002021   Thumb Code     2  stm32f4xx_hal_tim.o(.text.HAL_TIM_IC_CaptureCallback)
    HAL_TIM_IRQHandler                       0x08002025   Thumb Code   334  stm32f4xx_hal_tim.o(.text.HAL_TIM_IRQHandler)
    HAL_TIM_OC_DelayElapsedCallback          0x08002175   Thumb Code     2  stm32f4xx_hal_tim.o(.text.HAL_TIM_OC_DelayElapsedCallback)
    HAL_TIM_PWM_PulseFinishedCallback        0x08002179   Thumb Code     2  stm32f4xx_hal_tim.o(.text.HAL_TIM_PWM_PulseFinishedCallback)
    HAL_TIM_PeriodElapsedCallback            0x0800217d   Thumb Code    18  main.o(.text.HAL_TIM_PeriodElapsedCallback)
    HAL_TIM_TriggerCallback                  0x08002191   Thumb Code     2  stm32f4xx_hal_tim.o(.text.HAL_TIM_TriggerCallback)
    HAL_UART_Transmit                        0x08002195   Thumb Code   376  stm32f4xx_hal_uart.o(.text.HAL_UART_Transmit)
    HardFault_Handler                        0x0800230d   Thumb Code     2  stm32f4xx_it.o(.text.HardFault_Handler)
    LogEvent                                 0x08002311   Thumb Code    94  main.o(.text.LogEvent)
    MX_FREERTOS_Init                         0x08002371   Thumb Code   292  freertos.o(.text.MX_FREERTOS_Init)
    MemManage_Handler                        0x08002495   Thumb Code     2  stm32f4xx_it.o(.text.MemManage_Handler)
    NMI_Handler                              0x08002499   Thumb Code     2  stm32f4xx_it.o(.text.NMI_Handler)
    PendSV_Handler                           0x080024a1   Thumb Code   100  port.o(.text.PendSV_Handler)
    SVC_Handler                              0x08002511   Thumb Code    36  port.o(.text.SVC_Handler)
    StartDefaultTask                         0x08002535   Thumb Code     8  freertos.o(.text.StartDefaultTask)
    SysTick_Handler                          0x0800253d   Thumb Code    30  cmsis_os2.o(.text.SysTick_Handler)
    SystemClock_Config                       0x0800255d   Thumb Code   164  main.o(.text.SystemClock_Config)
    SystemInit                               0x08002601   Thumb Code    18  system_stm32f4xx.o(.text.SystemInit)
    TIM1_UP_TIM10_IRQHandler                 0x08002615   Thumb Code    12  stm32f4xx_it.o(.text.TIM1_UP_TIM10_IRQHandler)
    TIM_Base_SetConfig                       0x08002621   Thumb Code   254  stm32f4xx_hal_tim.o(.text.TIM_Base_SetConfig)
    UsageFault_Handler                       0x08002721   Thumb Code     2  stm32f4xx_it.o(.text.UsageFault_Handler)
    debug_print                              0x08002725   Thumb Code    64  main.o(.text.debug_print)
    main                                     0x08002765   Thumb Code    98  main.o(.text.main)
    osDelay                                  0x080027c9   Thumb Code    32  cmsis_os2.o(.text.osDelay)
    osKernelInitialize                       0x080027e9   Thumb Code    40  cmsis_os2.o(.text.osKernelInitialize)
    osKernelStart                            0x08002811   Thumb Code    60  cmsis_os2.o(.text.osKernelStart)
    osThreadNew                              0x0800284d   Thumb Code   174  cmsis_os2.o(.text.osThreadNew)
    pvPortMalloc                             0x080031a1   Thumb Code   522  heap_4.o(.text.pvPortMalloc)
    pvTaskIncrementMutexHeldCount            0x080033ad   Thumb Code    24  tasks.o(.text.pvTaskIncrementMutexHeldCount)
    pxPortInitialiseStack                    0x080033c5   Thumb Code    40  port.o(.text.pxPortInitialiseStack)
    uxListRemove                             0x080033ed   Thumb Code    36  list.o(.text.uxListRemove)
    vApplicationGetIdleTaskMemory            0x08003411   Thumb Code    26  cmsis_os2.o(.text.vApplicationGetIdleTaskMemory)
    vApplicationGetTimerTaskMemory           0x0800342d   Thumb Code    28  cmsis_os2.o(.text.vApplicationGetTimerTaskMemory)
    vListInitialise                          0x08003449   Thumb Code    22  list.o(.text.vListInitialise)
    vListInitialiseItem                      0x08003461   Thumb Code     6  list.o(.text.vListInitialiseItem)
    vListInsert                              0x08003469   Thumb Code    98  list.o(.text.vListInsert)
    vListInsertEnd                           0x080034cd   Thumb Code    28  list.o(.text.vListInsertEnd)
    vPortEnterCritical                       0x080034fd   Thumb Code    70  port.o(.text.vPortEnterCritical)
    vPortExitCritical                        0x08003545   Thumb Code    46  port.o(.text.vPortExitCritical)
    vPortFree                                0x08003575   Thumb Code   212  heap_4.o(.text.vPortFree)
    vPortSetupTimerInterrupt                 0x08003649   Thumb Code    52  port.o(.text.vPortSetupTimerInterrupt)
    vQueueAddToRegistry                      0x0800367d   Thumb Code   176  queue.o(.text.vQueueAddToRegistry)
    vQueueWaitForMessageRestricted           0x0800372d   Thumb Code    82  queue.o(.text.vQueueWaitForMessageRestricted)
    vTaskDelay                               0x08003781   Thumb Code   128  tasks.o(.text.vTaskDelay)
    vTaskDelete                              0x08003801   Thumb Code   226  tasks.o(.text.vTaskDelete)
    vTaskFireLogic                           0x080038e5   Thumb Code   476  fire_logic.o(.text.vTaskFireLogic)
    vTaskInternalSetTimeOutState             0x08003b5d   Thumb Code    18  tasks.o(.text.vTaskInternalSetTimeOutState)
    vTaskMissedYield                         0x08003b71   Thumb Code    14  tasks.o(.text.vTaskMissedYield)
    vTaskPlaceOnEventList                    0x08003b81   Thumb Code   116  tasks.o(.text.vTaskPlaceOnEventList)
    vTaskPlaceOnEventListRestricted          0x08003bf5   Thumb Code   122  tasks.o(.text.vTaskPlaceOnEventListRestricted)
    vTaskPriorityDisinheritAfterTimeout      0x08003c71   Thumb Code   162  tasks.o(.text.vTaskPriorityDisinheritAfterTimeout)
    vTaskScenarioSim                         0x08003d15   Thumb Code   552  scenario_sim.o(.text.vTaskScenarioSim)
    vTaskStartScheduler                      0x08003f3d   Thumb Code   232  tasks.o(.text.vTaskStartScheduler)
    vTaskSuspendAll                          0x0800402d   Thumb Code    16  tasks.o(.text.vTaskSuspendAll)
    vTaskSwitchContext                       0x0800403d   Thumb Code   188  tasks.o(.text.vTaskSwitchContext)
    vTaskTestHarness                         0x080040f9   Thumb Code   248  test_harness.o(.text.vTaskTestHarness)
    xPortStartScheduler                      0x08004279   Thumb Code   388  port.o(.text.xPortStartScheduler)
    xPortSysTickHandler                      0x080043fd   Thumb Code    46  port.o(.text.xPortSysTickHandler)
    xQueueGenericCreate                      0x0800442d   Thumb Code   134  queue.o(.text.xQueueGenericCreate)
    xQueueGenericCreateStatic                0x080044b5   Thumb Code   222  queue.o(.text.xQueueGenericCreateStatic)
    xQueueGenericReset                       0x08004595   Thumb Code   140  queue.o(.text.xQueueGenericReset)
    xQueueGenericSend                        0x08004621   Thumb Code   554  queue.o(.text.xQueueGenericSend)
    xQueuePeek                               0x0800484d   Thumb Code   418  queue.o(.text.xQueuePeek)
    xQueueReceive                            0x080049f1   Thumb Code   418  queue.o(.text.xQueueReceive)
    xQueueSemaphoreTake                      0x08004b95   Thumb Code   474  queue.o(.text.xQueueSemaphoreTake)
    xTaskCheckForTimeOut                     0x08004d71   Thumb Code   162  tasks.o(.text.xTaskCheckForTimeOut)
    xTaskCreate                              0x08004e15   Thumb Code    96  tasks.o(.text.xTaskCreate)
    xTaskCreateStatic                        0x08004e75   Thumb Code   118  tasks.o(.text.xTaskCreateStatic)
    xTaskGetSchedulerState                   0x08004eed   Thumb Code    30  tasks.o(.text.xTaskGetSchedulerState)
    xTaskGetTickCount                        0x08004f0d   Thumb Code    12  tasks.o(.text.xTaskGetTickCount)
    xTaskIncrementTick                       0x08004f19   Thumb Code   260  tasks.o(.text.xTaskIncrementTick)
    xTaskPriorityDisinherit                  0x0800501d   Thumb Code   138  tasks.o(.text.xTaskPriorityDisinherit)
    xTaskPriorityInherit                     0x080050a9   Thumb Code   146  tasks.o(.text.xTaskPriorityInherit)
    xTaskRemoveFromEventList                 0x0800513d   Thumb Code   114  tasks.o(.text.xTaskRemoveFromEventList)
    xTaskResumeAll                           0x080051b1   Thumb Code   238  tasks.o(.text.xTaskResumeAll)
    xTimerCreateTimerTask                    0x080052a1   Thumb Code   172  timers.o(.text.xTimerCreateTimerTask)
    _btod_d2e                                0x08005355   Thumb Code    62  btod.o(CL$$btod_d2e)
    _d2e_denorm_low                          0x08005393   Thumb Code    70  btod.o(CL$$btod_d2e_denorm_low)
    _d2e_norm_op1                            0x080053d9   Thumb Code    96  btod.o(CL$$btod_d2e_norm_op1)
    __btod_div_common                        0x08005439   Thumb Code   696  btod.o(CL$$btod_div_common)
    _e2e                                     0x08005771   Thumb Code   220  btod.o(CL$$btod_e2e)
    _btod_ediv                               0x0800584d   Thumb Code    42  btod.o(CL$$btod_ediv)
    _btod_emul                               0x08005877   Thumb Code    42  btod.o(CL$$btod_emul)
    __btod_mult_common                       0x080058a1   Thumb Code   580  btod.o(CL$$btod_mult_common)
    __ARM_fpclassify                         0x08005ae5   Thumb Code    48  fpclassify.o(i.__ARM_fpclassify)
    _is_digit                                0x08005b15   Thumb Code    14  __printf_wp.o(i._is_digit)
    _get_lc_numeric                          0x08005b25   Thumb Code    44  lc_numeric_c.o(locale$$code)
    _get_lc_ctype                            0x08005b51   Thumb Code    44  lc_ctype_c.o(locale$$code)
    __fpl_dretinf                            0x08005b7d   Thumb Code    12  dretinf.o(x$fpl$dretinf)
    __aeabi_f2d                              0x08005b89   Thumb Code     0  f2d.o(x$fpl$f2d)
    _f2d                                     0x08005b89   Thumb Code    86  f2d.o(x$fpl$f2d)
    __fpl_fnaninf                            0x08005bdf   Thumb Code   140  fnaninf.o(x$fpl$fnaninf)
    _fp_init                                 0x08005c6b   Thumb Code    26  fpinit.o(x$fpl$fpinit)
    __fplib_config_fpu_vfp                   0x08005c83   Thumb Code     0  fpinit.o(x$fpl$fpinit)
    __fplib_config_pureend_doubles           0x08005c83   Thumb Code     0  fpinit.o(x$fpl$fpinit)
    _printf_fp_dec                           0x08005c85   Thumb Code     4  printf1.o(x$fpl$printf1)
    _printf_fp_hex                           0x08005c89   Thumb Code     4  printf2.o(x$fpl$printf2)
    __I$use$fp                               0x08005c8c   Number         0  usenofp.o(x$fpl$usenofp)
    AHBPrescTable                            0x08005d8c   Data          16  system_stm32f4xx.o(.rodata.AHBPrescTable)
    APBPrescTable                            0x08005d9c   Data           8  system_stm32f4xx.o(.rodata.APBPrescTable)
    defaultTask_attributes                   0x08005da4   Data          36  freertos.o(.rodata.defaultTask_attributes)
    Region$$Table$$Base                      0x08006050   Number         0  anon$$obj.o(Region$$Table)
    Region$$Table$$Limit                     0x08006070   Number         0  anon$$obj.o(Region$$Table)
    __ctype                                  0x08006099   Data           0  lc_ctype_c.o(locale$$data)
    uwTickFreq                               0x20000000   Data           1  stm32f4xx_hal.o(.data..L_MergedGlobals)
    uwTickPrio                               0x20000004   Data           4  stm32f4xx_hal.o(.data..L_MergedGlobals)
    SystemCoreClock                          0x20000008   Data           4  system_stm32f4xx.o(.data.SystemCoreClock)
    g_temperature                            0x2000000c   Data           4  main.o(.data.g_temperature)
    __libspace_start                         0x20000018   Data          96  libspace.o(.bss)
    __temporary_stack_top$libspace           0x20000078   Data           0  libspace.o(.bss)
    xQueueGas                                0x20000078   Data           4  main.o(.bss..L_MergedGlobals)
    xQueueTemp                               0x2000007c   Data           4  main.o(.bss..L_MergedGlobals)
    xQueueCommand                            0x20000080   Data           4  main.o(.bss..L_MergedGlobals)
    xSemaphoreFlame                          0x20000084   Data           4  main.o(.bss..L_MergedGlobals)
    pxCurrentTCB                             0x20000088   Data           4  tasks.o(.bss..L_MergedGlobals)
    defaultTaskHandle                        0x20000190   Data           4  freertos.o(.bss.defaultTaskHandle)
    g_eventLog                               0x20000194   Data        3400  main.o(.bss.g_eventLog)
    g_eventLogIndex                          0x20000edc   Data           1  main.o(.bss.g_eventLogIndex)
    g_flameDetected                          0x20000edd   Data           1  main.o(.bss.g_flameDetected)
    g_gasADC                                 0x20000ede   Data           2  main.o(.bss.g_gasADC)
    g_systemState                            0x20000ee0   Data           1  main.o(.bss.g_systemState)
    htim1                                    0x20000ee4   Data          72  stm32f4xx_hal_timebase_tim.o(.bss.htim1)
    huart2                                   0x20000f2c   Data          72  usart.o(.bss.huart2)
    uwTick                                   0x200050c4   Data           4  stm32f4xx_hal.o(.bss.uwTick)
    xQueueRegistry                           0x20005784   Data          64  queue.o(.bss.xQueueRegistry)



==============================================================================

Memory Map of the image

  Image Entry point : 0x08000199

  Load Region LR_IROM1 (Base: 0x08000000, Size: 0x000061b8, Max: 0x00080000, ABSOLUTE)

    Execution Region ER_IROM1 (Exec base: 0x08000000, Load base: 0x08000000, Size: 0x0000619c, Max: 0x00080000, ABSOLUTE)

    Exec Addr    Load Addr    Size         Type   Attr      Idx    E Section Name        Object

    0x08000000   0x08000000   0x00000198   Data   RO            3    RESET               startup_stm32f411xe.o
    0x08000198   0x08000198   0x00000008   Code   RO         1944  * !!!main             c_w.l(__main.o)
    0x080001a0   0x080001a0   0x00000034   Code   RO         2274    !!!scatter          c_w.l(__scatter.o)
    0x080001d4   0x080001d4   0x0000001a   Code   RO         2276    !!handler_copy      c_w.l(__scatter_copy.o)
    0x080001ee   0x080001ee   0x00000002   PAD
    0x080001f0   0x080001f0   0x0000001c   Code   RO         2278    !!handler_zi        c_w.l(__scatter_zi.o)
    0x0800020c   0x0800020c   0x00000000   Code   RO         1927    .ARM.Collect$$_printf_percent$$00000000  c_w.l(_printf_percent.o)
    0x0800020c   0x0800020c   0x00000006   Code   RO         2009    .ARM.Collect$$_printf_percent$$00000001  c_w.l(_printf_n.o)
    0x08000212   0x08000212   0x00000006   Code   RO         2011    .ARM.Collect$$_printf_percent$$00000002  c_w.l(_printf_p.o)
    0x08000218   0x08000218   0x00000006   Code   RO         1926    .ARM.Collect$$_printf_percent$$00000003  c_w.l(_printf_f.o)
    0x0800021e   0x0800021e   0x00000006   Code   RO         2015    .ARM.Collect$$_printf_percent$$00000004  c_w.l(_printf_e.o)
    0x08000224   0x08000224   0x00000006   Code   RO         2016    .ARM.Collect$$_printf_percent$$00000005  c_w.l(_printf_g.o)
    0x0800022a   0x0800022a   0x00000006   Code   RO         2017    .ARM.Collect$$_printf_percent$$00000006  c_w.l(_printf_a.o)
    0x08000230   0x08000230   0x0000000a   Code   RO         2022    .ARM.Collect$$_printf_percent$$00000007  c_w.l(_printf_ll.o)
    0x0800023a   0x0800023a   0x00000006   Code   RO         2013    .ARM.Collect$$_printf_percent$$00000008  c_w.l(_printf_i.o)
    0x08000240   0x08000240   0x00000006   Code   RO         1925    .ARM.Collect$$_printf_percent$$00000009  c_w.l(_printf_d.o)
    0x08000246   0x08000246   0x00000006   Code   RO         2014    .ARM.Collect$$_printf_percent$$0000000A  c_w.l(_printf_u.o)
    0x0800024c   0x0800024c   0x00000006   Code   RO         2012    .ARM.Collect$$_printf_percent$$0000000B  c_w.l(_printf_o.o)
    0x08000252   0x08000252   0x00000006   Code   RO         2010    .ARM.Collect$$_printf_percent$$0000000C  c_w.l(_printf_x.o)
    0x08000258   0x08000258   0x00000006   Code   RO         2019    .ARM.Collect$$_printf_percent$$0000000D  c_w.l(_printf_lli.o)
    0x0800025e   0x0800025e   0x00000006   Code   RO         2020    .ARM.Collect$$_printf_percent$$0000000E  c_w.l(_printf_lld.o)
    0x08000264   0x08000264   0x00000006   Code   RO         2021    .ARM.Collect$$_printf_percent$$0000000F  c_w.l(_printf_llu.o)
    0x0800026a   0x0800026a   0x00000006   Code   RO         2026    .ARM.Collect$$_printf_percent$$00000010  c_w.l(_printf_llo.o)
    0x08000270   0x08000270   0x00000006   Code   RO         2027    .ARM.Collect$$_printf_percent$$00000011  c_w.l(_printf_llx.o)
    0x08000276   0x08000276   0x0000000a   Code   RO         2023    .ARM.Collect$$_printf_percent$$00000012  c_w.l(_printf_l.o)
    0x08000280   0x08000280   0x00000006   Code   RO         2007    .ARM.Collect$$_printf_percent$$00000013  c_w.l(_printf_c.o)
    0x08000286   0x08000286   0x00000006   Code   RO         2008    .ARM.Collect$$_printf_percent$$00000014  c_w.l(_printf_s.o)
    0x0800028c   0x0800028c   0x00000006   Code   RO         2024    .ARM.Collect$$_printf_percent$$00000015  c_w.l(_printf_lc.o)
    0x08000292   0x08000292   0x00000006   Code   RO         2025    .ARM.Collect$$_printf_percent$$00000016  c_w.l(_printf_ls.o)
    0x08000298   0x08000298   0x00000004   Code   RO         2018    .ARM.Collect$$_printf_percent$$00000017  c_w.l(_printf_percent_end.o)
    0x0800029c   0x0800029c   0x00000002   Code   RO         2134    .ARM.Collect$$libinit$$00000000  c_w.l(libinit.o)
    0x0800029e   0x0800029e   0x00000004   Code   RO         2135    .ARM.Collect$$libinit$$00000001  c_w.l(libinit2.o)
    0x080002a2   0x080002a2   0x00000000   Code   RO         2138    .ARM.Collect$$libinit$$00000004  c_w.l(libinit2.o)
    0x080002a2   0x080002a2   0x00000000   Code   RO         2140    .ARM.Collect$$libinit$$00000006  c_w.l(libinit2.o)
    0x080002a2   0x080002a2   0x00000000   Code   RO         2143    .ARM.Collect$$libinit$$0000000C  c_w.l(libinit2.o)
    0x080002a2   0x080002a2   0x00000000   Code   RO         2145    .ARM.Collect$$libinit$$0000000E  c_w.l(libinit2.o)
    0x080002a2   0x080002a2   0x00000000   Code   RO         2147    .ARM.Collect$$libinit$$00000010  c_w.l(libinit2.o)
    0x080002a2   0x080002a2   0x00000006   Code   RO         2148    .ARM.Collect$$libinit$$00000011  c_w.l(libinit2.o)
    0x080002a8   0x080002a8   0x00000000   Code   RO         2150    .ARM.Collect$$libinit$$00000013  c_w.l(libinit2.o)
    0x080002a8   0x080002a8   0x0000000c   Code   RO         2151    .ARM.Collect$$libinit$$00000014  c_w.l(libinit2.o)
    0x080002b4   0x080002b4   0x00000000   Code   RO         2152    .ARM.Collect$$libinit$$00000015  c_w.l(libinit2.o)
    0x080002b4   0x080002b4   0x00000000   Code   RO         2154    .ARM.Collect$$libinit$$00000017  c_w.l(libinit2.o)
    0x080002b4   0x080002b4   0x0000000a   Code   RO         2155    .ARM.Collect$$libinit$$00000018  c_w.l(libinit2.o)
    0x080002be   0x080002be   0x00000000   Code   RO         2156    .ARM.Collect$$libinit$$00000019  c_w.l(libinit2.o)
    0x080002be   0x080002be   0x00000000   Code   RO         2158    .ARM.Collect$$libinit$$0000001B  c_w.l(libinit2.o)
    0x080002be   0x080002be   0x00000000   Code   RO         2160    .ARM.Collect$$libinit$$0000001D  c_w.l(libinit2.o)
    0x080002be   0x080002be   0x00000000   Code   RO         2162    .ARM.Collect$$libinit$$0000001F  c_w.l(libinit2.o)
    0x080002be   0x080002be   0x00000000   Code   RO         2164    .ARM.Collect$$libinit$$00000021  c_w.l(libinit2.o)
    0x080002be   0x080002be   0x00000000   Code   RO         2166    .ARM.Collect$$libinit$$00000023  c_w.l(libinit2.o)
    0x080002be   0x080002be   0x00000000   Code   RO         2168    .ARM.Collect$$libinit$$00000025  c_w.l(libinit2.o)
    0x080002be   0x080002be   0x00000000   Code   RO         2170    .ARM.Collect$$libinit$$00000027  c_w.l(libinit2.o)
    0x080002be   0x080002be   0x00000000   Code   RO         2174    .ARM.Collect$$libinit$$0000002E  c_w.l(libinit2.o)
    0x080002be   0x080002be   0x00000000   Code   RO         2176    .ARM.Collect$$libinit$$00000030  c_w.l(libinit2.o)
    0x080002be   0x080002be   0x00000000   Code   RO         2178    .ARM.Collect$$libinit$$00000032  c_w.l(libinit2.o)
    0x080002be   0x080002be   0x00000000   Code   RO         2180    .ARM.Collect$$libinit$$00000034  c_w.l(libinit2.o)
    0x080002be   0x080002be   0x00000002   Code   RO         2181    .ARM.Collect$$libinit$$00000035  c_w.l(libinit2.o)
    0x080002c0   0x080002c0   0x00000002   Code   RO         2239    .ARM.Collect$$libshutdown$$00000000  c_w.l(libshutdown.o)
    0x080002c2   0x080002c2   0x00000000   Code   RO         2257    .ARM.Collect$$libshutdown$$00000002  c_w.l(libshutdown2.o)
    0x080002c2   0x080002c2   0x00000000   Code   RO         2259    .ARM.Collect$$libshutdown$$00000004  c_w.l(libshutdown2.o)
    0x080002c2   0x080002c2   0x00000000   Code   RO         2262    .ARM.Collect$$libshutdown$$00000007  c_w.l(libshutdown2.o)
    0x080002c2   0x080002c2   0x00000000   Code   RO         2265    .ARM.Collect$$libshutdown$$0000000A  c_w.l(libshutdown2.o)
    0x080002c2   0x080002c2   0x00000000   Code   RO         2267    .ARM.Collect$$libshutdown$$0000000C  c_w.l(libshutdown2.o)
    0x080002c2   0x080002c2   0x00000000   Code   RO         2270    .ARM.Collect$$libshutdown$$0000000F  c_w.l(libshutdown2.o)
    0x080002c2   0x080002c2   0x00000002   Code   RO         2271    .ARM.Collect$$libshutdown$$00000010  c_w.l(libshutdown2.o)
    0x080002c4   0x080002c4   0x00000000   Code   RO         1950    .ARM.Collect$$rtentry$$00000000  c_w.l(__rtentry.o)
    0x080002c4   0x080002c4   0x00000000   Code   RO         2042    .ARM.Collect$$rtentry$$00000002  c_w.l(__rtentry2.o)
    0x080002c4   0x080002c4   0x00000006   Code   RO         2054    .ARM.Collect$$rtentry$$00000004  c_w.l(__rtentry4.o)
    0x080002ca   0x080002ca   0x00000000   Code   RO         2044    .ARM.Collect$$rtentry$$00000009  c_w.l(__rtentry2.o)
    0x080002ca   0x080002ca   0x00000004   Code   RO         2045    .ARM.Collect$$rtentry$$0000000A  c_w.l(__rtentry2.o)
    0x080002ce   0x080002ce   0x00000000   Code   RO         2047    .ARM.Collect$$rtentry$$0000000C  c_w.l(__rtentry2.o)
    0x080002ce   0x080002ce   0x00000008   Code   RO         2048    .ARM.Collect$$rtentry$$0000000D  c_w.l(__rtentry2.o)
    0x080002d6   0x080002d6   0x00000002   Code   RO         2182    .ARM.Collect$$rtexit$$00000000  c_w.l(rtexit.o)
    0x080002d8   0x080002d8   0x00000000   Code   RO         2204    .ARM.Collect$$rtexit$$00000002  c_w.l(rtexit2.o)
    0x080002d8   0x080002d8   0x00000004   Code   RO         2205    .ARM.Collect$$rtexit$$00000003  c_w.l(rtexit2.o)
    0x080002dc   0x080002dc   0x00000006   Code   RO         2206    .ARM.Collect$$rtexit$$00000004  c_w.l(rtexit2.o)
    0x080002e2   0x080002e2   0x00000002   PAD
    0x080002e4   0x080002e4   0x00000040   Code   RO            4    .text               startup_stm32f411xe.o
    0x08000324   0x08000324   0x000000f0   Code   RO         1893    .text               c_w.l(lludivv7m.o)
    0x08000414   0x08000414   0x0000003c   Code   RO         1895    .text               c_w.l(vsnprintf.o)
    0x08000450   0x08000450   0x0000002c   Code   RO         1897    .text               c_w.l(__2sprintf.o)
    0x0800047c   0x0800047c   0x00000078   Code   RO         1903    .text               c_w.l(_printf_dec.o)
    0x080004f4   0x080004f4   0x00000188   Code   RO         1922    .text               c_w.l(__printf_flags_ss_wp.o)
    0x0800067c   0x0800067c   0x0000003e   Code   RO         1928    .text               c_w.l(strlen.o)
    0x080006ba   0x080006ba   0x0000008a   Code   RO         1930    .text               c_w.l(rt_memcpy_v6.o)
    0x08000744   0x08000744   0x00000010   Code   RO         1934    .text               c_w.l(aeabi_memset4.o)
    0x08000754   0x08000754   0x00000044   Code   RO         1936    .text               c_w.l(rt_memclr.o)
    0x08000798   0x08000798   0x0000004e   Code   RO         1938    .text               c_w.l(rt_memclr_w.o)
    0x080007e6   0x080007e6   0x00000056   Code   RO         1940    .text               c_w.l(strncpy.o)
    0x0800083c   0x0800083c   0x00000006   Code   RO         1942    .text               c_w.l(heapauxi.o)
    0x08000842   0x08000842   0x0000004e   Code   RO         1955    .text               c_w.l(_printf_pad.o)
    0x08000890   0x08000890   0x00000024   Code   RO         1957    .text               c_w.l(_printf_truncate.o)
    0x080008b4   0x080008b4   0x00000052   Code   RO         1959    .text               c_w.l(_printf_str.o)
    0x08000906   0x08000906   0x000000b2   Code   RO         1961    .text               c_w.l(_printf_intcommon.o)
    0x080009b8   0x080009b8   0x00000028   Code   RO         1963    .text               c_w.l(_printf_charcount.o)
    0x080009e0   0x080009e0   0x0000041c   Code   RO         1965    .text               c_w.l(_printf_fp_dec.o)
    0x08000dfc   0x08000dfc   0x00000030   Code   RO         1969    .text               c_w.l(_printf_char_common.o)
    0x08000e2c   0x08000e2c   0x0000000a   Code   RO         1971    .text               c_w.l(_sputc.o)
    0x08000e36   0x08000e36   0x00000010   Code   RO         1973    .text               c_w.l(_snputc.o)
    0x08000e46   0x08000e46   0x00000002   PAD
    0x08000e48   0x08000e48   0x000000bc   Code   RO         1975    .text               c_w.l(_printf_wctomb.o)
    0x08000f04   0x08000f04   0x0000007c   Code   RO         1978    .text               c_w.l(_printf_longlong_dec.o)
    0x08000f80   0x08000f80   0x00000070   Code   RO         1984    .text               c_w.l(_printf_oct_int_ll.o)
    0x08000ff0   0x08000ff0   0x00000094   Code   RO         2004    .text               c_w.l(_printf_hex_int_ll_ptr.o)
    0x08001084   0x08001084   0x00000064   Code   RO         2028    .text               c_w.l(rt_memcpy_w.o)
    0x080010e8   0x080010e8   0x00000008   Code   RO         2061    .text               c_w.l(rt_locale_intlibspace.o)
    0x080010f0   0x080010f0   0x0000008a   Code   RO         2063    .text               c_w.l(lludiv10.o)
    0x0800117a   0x0800117a   0x00000002   PAD
    0x0800117c   0x0800117c   0x000002fc   Code   RO         2065    .text               c_w.l(_printf_fp_hex.o)
    0x08001478   0x08001478   0x00000080   Code   RO         2068    .text               c_w.l(_printf_fp_infnan.o)
    0x080014f8   0x080014f8   0x0000002c   Code   RO         2072    .text               c_w.l(_printf_char.o)
    0x08001524   0x08001524   0x0000002c   Code   RO         2074    .text               c_w.l(_printf_wchar.o)
    0x08001550   0x08001550   0x000000e4   Code   RO         2076    .text               c_w.l(bigflt0.o)
    0x08001634   0x08001634   0x00000048   Code   RO         2103    .text               c_w.l(_c16rtomb.o)
    0x0800167c   0x0800167c   0x00000008   Code   RO         2112    .text               c_w.l(libspace.o)
    0x08001684   0x08001684   0x0000004a   Code   RO         2115    .text               c_w.l(sys_stackheap_outer.o)
    0x080016ce   0x080016ce   0x00000002   PAD
    0x080016d0   0x080016d0   0x00000010   Code   RO         2117    .text               c_w.l(rt_ctype_table.o)
    0x080016e0   0x080016e0   0x00000012   Code   RO         2121    .text               c_w.l(exit.o)
    0x080016f2   0x080016f2   0x00000006   PAD
    0x080016f8   0x080016f8   0x0000007c   Code   RO         2127    .text               c_w.l(strcmpv7em.o)
    0x08001774   0x08001774   0x0000000c   Code   RO         2199    .text               c_w.l(sys_exit.o)
    0x08001780   0x08001780   0x00000002   Code   RO         2226    .text               c_w.l(use_no_semi.o)
    0x08001782   0x08001782   0x00000000   Code   RO         2228    .text               c_w.l(indicate_semi.o)
    0x08001782   0x08001782   0x00000002   PAD
    0x08001784   0x08001784   0x00000002   Code   RO          132    .text.BusFault_Handler  stm32f4xx_it.o
    0x08001786   0x08001786   0x00000002   PAD
    0x08001788   0x08001788   0x00000002   Code   RO          136    .text.DebugMon_Handler  stm32f4xx_it.o
    0x0800178a   0x0800178a   0x00000002   PAD
    0x0800178c   0x0800178c   0x0000000a   Code   RO          760    .text.HAL_GPIO_ReadPin  stm32f4xx_hal_gpio.o
    0x08001796   0x08001796   0x00000002   PAD
    0x08001798   0x08001798   0x0000000c   Code   RO          957    .text.HAL_GetTick   stm32f4xx_hal.o
    0x080017a4   0x080017a4   0x0000001a   Code   RO          955    .text.HAL_IncTick   stm32f4xx_hal.o
    0x080017be   0x080017be   0x00000002   PAD
    0x080017c0   0x080017c0   0x00000036   Code   RO          945    .text.HAL_Init      stm32f4xx_hal.o
    0x080017f6   0x080017f6   0x00000002   PAD
    0x080017f8   0x080017f8   0x000000b0   Code   RO          156    .text.HAL_InitTick  stm32f4xx_hal_timebase_tim.o
    0x080018a8   0x080018a8   0x00000042   Code   RO          147    .text.HAL_MspInit   stm32f4xx_hal_msp.o
    0x080018ea   0x080018ea   0x00000002   PAD
    0x080018ec   0x080018ec   0x00000026   Code   RO          901    .text.HAL_NVIC_EnableIRQ  stm32f4xx_hal_cortex.o
    0x08001912   0x08001912   0x00000002   PAD
    0x08001914   0x08001914   0x00000056   Code   RO          899    .text.HAL_NVIC_SetPriority  stm32f4xx_hal_cortex.o
    0x0800196a   0x0800196a   0x00000002   PAD
    0x0800196c   0x0800196c   0x00000020   Code   RO          897    .text.HAL_NVIC_SetPriorityGrouping  stm32f4xx_hal_cortex.o
    0x0800198c   0x0800198c   0x00000160   Code   RO          626    .text.HAL_RCC_ClockConfig  stm32f4xx_hal_rcc.o
    0x08001aec   0x08001aec   0x0000003e   Code   RO          644    .text.HAL_RCC_GetClockConfig  stm32f4xx_hal_rcc.o
    0x08001b2a   0x08001b2a   0x00000002   PAD
    0x08001b2c   0x08001b2c   0x00000026   Code   RO          640    .text.HAL_RCC_GetPCLK2Freq  stm32f4xx_hal_rcc.o
    0x08001b52   0x08001b52   0x00000002   PAD
    0x08001b54   0x08001b54   0x0000006a   Code   RO          628    .text.HAL_RCC_GetSysClockFreq  stm32f4xx_hal_rcc.o
    0x08001bbe   0x08001bbe   0x00000002   PAD
    0x08001bc0   0x08001bc0   0x00000374   Code   RO          624    .text.HAL_RCC_OscConfig  stm32f4xx_hal_rcc.o
    0x08001f34   0x08001f34   0x00000002   Code   RO          511    .text.HAL_TIMEx_BreakCallback  stm32f4xx_hal_tim_ex.o
    0x08001f36   0x08001f36   0x00000002   PAD
    0x08001f38   0x08001f38   0x00000002   Code   RO          507    .text.HAL_TIMEx_CommutCallback  stm32f4xx_hal_tim_ex.o
    0x08001f3a   0x08001f3a   0x00000002   PAD
    0x08001f3c   0x08001f3c   0x0000005a   Code   RO          206    .text.HAL_TIM_Base_Init  stm32f4xx_hal_tim.o
    0x08001f96   0x08001f96   0x00000002   PAD
    0x08001f98   0x08001f98   0x00000002   Code   RO          208    .text.HAL_TIM_Base_MspInit  stm32f4xx_hal_tim.o
    0x08001f9a   0x08001f9a   0x00000002   PAD
    0x08001f9c   0x08001f9c   0x00000084   Code   RO          220    .text.HAL_TIM_Base_Start_IT  stm32f4xx_hal_tim.o
    0x08002020   0x08002020   0x00000002   Code   RO          342    .text.HAL_TIM_IC_CaptureCallback  stm32f4xx_hal_tim.o
    0x08002022   0x08002022   0x00000002   PAD
    0x08002024   0x08002024   0x0000014e   Code   RO          340    .text.HAL_TIM_IRQHandler  stm32f4xx_hal_tim.o
    0x08002172   0x08002172   0x00000002   PAD
    0x08002174   0x08002174   0x00000002   Code   RO          344    .text.HAL_TIM_OC_DelayElapsedCallback  stm32f4xx_hal_tim.o
    0x08002176   0x08002176   0x00000002   PAD
    0x08002178   0x08002178   0x00000002   Code   RO          346    .text.HAL_TIM_PWM_PulseFinishedCallback  stm32f4xx_hal_tim.o
    0x0800217a   0x0800217a   0x00000002   PAD
    0x0800217c   0x0800217c   0x00000012   Code   RO           23    .text.HAL_TIM_PeriodElapsedCallback  main.o
    0x0800218e   0x0800218e   0x00000002   PAD
    0x08002190   0x08002190   0x00000002   Code   RO          350    .text.HAL_TIM_TriggerCallback  stm32f4xx_hal_tim.o
    0x08002192   0x08002192   0x00000002   PAD
    0x08002194   0x08002194   0x00000178   Code   RO         1201    .text.HAL_UART_Transmit  stm32f4xx_hal_uart.o
    0x0800230c   0x0800230c   0x00000002   Code   RO          128    .text.HardFault_Handler  stm32f4xx_it.o
    0x0800230e   0x0800230e   0x00000002   PAD
    0x08002310   0x08002310   0x0000005e   Code   RO           13    .text.LogEvent      main.o
    0x0800236e   0x0800236e   0x00000002   PAD
    0x08002370   0x08002370   0x00000124   Code   RO           50    .text.MX_FREERTOS_Init  freertos.o
    0x08002494   0x08002494   0x00000002   Code   RO          130    .text.MemManage_Handler  stm32f4xx_it.o
    0x08002496   0x08002496   0x00000002   PAD
    0x08002498   0x08002498   0x00000002   Code   RO          126    .text.NMI_Handler   stm32f4xx_it.o
    0x0800249a   0x0800249a   0x00000006   PAD
    0x080024a0   0x080024a0   0x00000064   Code   RO         1876    .text.PendSV_Handler  port.o
    0x08002504   0x08002504   0x0000000c   PAD
    0x08002510   0x08002510   0x00000024   Code   RO         1860    .text.SVC_Handler   port.o
    0x08002534   0x08002534   0x00000008   Code   RO           52    .text.StartDefaultTask  freertos.o
    0x0800253c   0x0800253c   0x0000001e   Code   RO         1671    .text.SysTick_Handler  cmsis_os2.o
    0x0800255a   0x0800255a   0x00000002   PAD
    0x0800255c   0x0800255c   0x000000a4   Code   RO           19    .text.SystemClock_Config  main.o
    0x08002600   0x08002600   0x00000012   Code   RO         1307    .text.SystemInit    system_stm32f4xx.o
    0x08002612   0x08002612   0x00000002   PAD
    0x08002614   0x08002614   0x0000000c   Code   RO          138    .text.TIM1_UP_TIM10_IRQHandler  stm32f4xx_it.o
    0x08002620   0x08002620   0x000000fe   Code   RO          210    .text.TIM_Base_SetConfig  stm32f4xx_hal_tim.o
    0x0800271e   0x0800271e   0x00000002   PAD
    0x08002720   0x08002720   0x00000002   Code   RO          134    .text.UsageFault_Handler  stm32f4xx_it.o
    0x08002722   0x08002722   0x00000002   PAD
    0x08002724   0x08002724   0x00000040   Code   RO           11    .text.debug_print   main.o
    0x08002764   0x08002764   0x00000062   Code   RO           17    .text.main          main.o
    0x080027c6   0x080027c6   0x00000002   PAD
    0x080027c8   0x080027c8   0x00000020   Code   RO         1731    .text.osDelay       cmsis_os2.o
    0x080027e8   0x080027e8   0x00000028   Code   RO         1673    .text.osKernelInitialize  cmsis_os2.o
    0x08002810   0x08002810   0x0000003c   Code   RO         1679    .text.osKernelStart  cmsis_os2.o
    0x0800284c   0x0800284c   0x000000ae   Code   RO         1695    .text.osThreadNew   cmsis_os2.o
    0x080028fa   0x080028fa   0x00000002   PAD
    0x080028fc   0x080028fc   0x0000028a   Code   RO         1506    .text.prvAddNewTaskToReadyList  tasks.o
    0x08002b86   0x08002b86   0x00000002   PAD
    0x08002b88   0x08002b88   0x00000086   Code   RO         1538    .text.prvIdleTask   tasks.o
    0x08002c0e   0x08002c0e   0x00000002   PAD
    0x08002c10   0x08002c10   0x00000128   Code   RO         1504    .text.prvInitialiseNewTask  tasks.o
    0x08002d38   0x08002d38   0x00000028   Code   RO         1868    .text.prvPortStartFirstTask  port.o
    0x08002d60   0x08002d60   0x0000003e   Code   RO         1858    .text.prvTaskExitError  port.o
    0x08002d9e   0x08002d9e   0x00000002   PAD
    0x08002da0   0x08002da0   0x0000038a   Code   RO         1623    .text.prvTimerTask  timers.o
    0x0800312a   0x0800312a   0x00000002   PAD
    0x0800312c   0x0800312c   0x00000074   Code   RO         1403    .text.prvUnlockQueue  queue.o
    0x080031a0   0x080031a0   0x0000020a   Code   RO         1834    .text.pvPortMalloc  heap_4.o
    0x080033aa   0x080033aa   0x00000002   PAD
    0x080033ac   0x080033ac   0x00000018   Code   RO         1594    .text.pvTaskIncrementMutexHeldCount  tasks.o
    0x080033c4   0x080033c4   0x00000028   Code   RO         1856    .text.pxPortInitialiseStack  port.o
    0x080033ec   0x080033ec   0x00000024   Code   RO         1367    .text.uxListRemove  list.o
    0x08003410   0x08003410   0x0000001a   Code   RO         1817    .text.vApplicationGetIdleTaskMemory  cmsis_os2.o
    0x0800342a   0x0800342a   0x00000002   PAD
    0x0800342c   0x0800342c   0x0000001c   Code   RO         1819    .text.vApplicationGetTimerTaskMemory  cmsis_os2.o
    0x08003448   0x08003448   0x00000016   Code   RO         1359    .text.vListInitialise  list.o
    0x0800345e   0x0800345e   0x00000002   PAD
    0x08003460   0x08003460   0x00000006   Code   RO         1361    .text.vListInitialiseItem  list.o
    0x08003466   0x08003466   0x00000002   PAD
    0x08003468   0x08003468   0x00000062   Code   RO         1365    .text.vListInsert   list.o
    0x080034ca   0x080034ca   0x00000002   PAD
    0x080034cc   0x080034cc   0x0000001c   Code   RO         1363    .text.vListInsertEnd  list.o
    0x080034e8   0x080034e8   0x00000014   Code   RO         1866    .text.vPortEnableVFP  port.o
    0x080034fc   0x080034fc   0x00000046   Code   RO         1872    .text.vPortEnterCritical  port.o
    0x08003542   0x08003542   0x00000002   PAD
    0x08003544   0x08003544   0x0000002e   Code   RO         1874    .text.vPortExitCritical  port.o
    0x08003572   0x08003572   0x00000002   PAD
    0x08003574   0x08003574   0x000000d4   Code   RO         1836    .text.vPortFree     heap_4.o
    0x08003648   0x08003648   0x00000034   Code   RO         1864    .text.vPortSetupTimerInterrupt  port.o
    0x0800367c   0x0800367c   0x000000b0   Code   RO         1437    .text.vQueueAddToRegistry  queue.o
    0x0800372c   0x0800372c   0x00000052   Code   RO         1441    .text.vQueueWaitForMessageRestricted  queue.o
    0x0800377e   0x0800377e   0x00000002   PAD
    0x08003780   0x08003780   0x00000080   Code   RO         1518    .text.vTaskDelay    tasks.o
    0x08003800   0x08003800   0x000000e2   Code   RO         1510    .text.vTaskDelete   tasks.o
    0x080038e2   0x080038e2   0x00000002   PAD
    0x080038e4   0x080038e4   0x00000278   Code   RO          173    .text.vTaskFireLogic  fire_logic.o
    0x08003b5c   0x08003b5c   0x00000012   Code   RO         1568    .text.vTaskInternalSetTimeOutState  tasks.o
    0x08003b6e   0x08003b6e   0x00000002   PAD
    0x08003b70   0x08003b70   0x0000000e   Code   RO         1572    .text.vTaskMissedYield  tasks.o
    0x08003b7e   0x08003b7e   0x00000002   PAD
    0x08003b80   0x08003b80   0x00000074   Code   RO         1556    .text.vTaskPlaceOnEventList  tasks.o
    0x08003bf4   0x08003bf4   0x0000007a   Code   RO         1560    .text.vTaskPlaceOnEventListRestricted  tasks.o
    0x08003c6e   0x08003c6e   0x00000002   PAD
    0x08003c70   0x08003c70   0x000000a2   Code   RO         1590    .text.vTaskPriorityDisinheritAfterTimeout  tasks.o
    0x08003d12   0x08003d12   0x00000002   PAD
    0x08003d14   0x08003d14   0x00000228   Code   RO          185    .text.vTaskScenarioSim  scenario_sim.o
    0x08003f3c   0x08003f3c   0x000000f0   Code   RO         1536    .text.vTaskStartScheduler  tasks.o
    0x0800402c   0x0800402c   0x00000010   Code   RO         1514    .text.vTaskSuspendAll  tasks.o
    0x0800403c   0x0800403c   0x000000bc   Code   RO         1530    .text.vTaskSwitchContext  tasks.o
    0x080040f8   0x080040f8   0x00000180   Code   RO          195    .text.vTaskTestHarness  test_harness.o
    0x08004278   0x08004278   0x00000184   Code   RO         1862    .text.xPortStartScheduler  port.o
    0x080043fc   0x080043fc   0x0000002e   Code   RO         1878    .text.xPortSysTickHandler  port.o
    0x0800442a   0x0800442a   0x00000002   PAD
    0x0800442c   0x0800442c   0x00000086   Code   RO         1381    .text.xQueueGenericCreate  queue.o
    0x080044b2   0x080044b2   0x00000002   PAD
    0x080044b4   0x080044b4   0x000000de   Code   RO         1379    .text.xQueueGenericCreateStatic  queue.o
    0x08004592   0x08004592   0x00000002   PAD
    0x08004594   0x08004594   0x0000008c   Code   RO         1377    .text.xQueueGenericReset  queue.o
    0x08004620   0x08004620   0x0000022a   Code   RO         1393    .text.xQueueGenericSend  queue.o
    0x0800484a   0x0800484a   0x00000002   PAD
    0x0800484c   0x0800484c   0x000001a2   Code   RO         1411    .text.xQueuePeek    queue.o
    0x080049ee   0x080049ee   0x00000002   PAD
    0x080049f0   0x080049f0   0x000001a2   Code   RO         1409    .text.xQueueReceive  queue.o
    0x08004b92   0x08004b92   0x00000002   PAD
    0x08004b94   0x08004b94   0x000001da   Code   RO         1397    .text.xQueueSemaphoreTake  queue.o
    0x08004d6e   0x08004d6e   0x00000002   PAD
    0x08004d70   0x08004d70   0x000000a2   Code   RO         1570    .text.xTaskCheckForTimeOut  tasks.o
    0x08004e12   0x08004e12   0x00000002   PAD
    0x08004e14   0x08004e14   0x00000060   Code   RO         1508    .text.xTaskCreate   tasks.o
    0x08004e74   0x08004e74   0x00000076   Code   RO         1502    .text.xTaskCreateStatic  tasks.o
    0x08004eea   0x08004eea   0x00000002   PAD
    0x08004eec   0x08004eec   0x0000001e   Code   RO         1584    .text.xTaskGetSchedulerState  tasks.o
    0x08004f0a   0x08004f0a   0x00000002   PAD
    0x08004f0c   0x08004f0c   0x0000000c   Code   RO         1544    .text.xTaskGetTickCount  tasks.o
    0x08004f18   0x08004f18   0x00000104   Code   RO         1542    .text.xTaskIncrementTick  tasks.o
    0x0800501c   0x0800501c   0x0000008a   Code   RO         1588    .text.xTaskPriorityDisinherit  tasks.o
    0x080050a6   0x080050a6   0x00000002   PAD
    0x080050a8   0x080050a8   0x00000092   Code   RO         1586    .text.xTaskPriorityInherit  tasks.o
    0x0800513a   0x0800513a   0x00000002   PAD
    0x0800513c   0x0800513c   0x00000072   Code   RO         1562    .text.xTaskRemoveFromEventList  tasks.o
    0x080051ae   0x080051ae   0x00000002   PAD
    0x080051b0   0x080051b0   0x000000ee   Code   RO         1516    .text.xTaskResumeAll  tasks.o
    0x0800529e   0x0800529e   0x00000002   PAD
    0x080052a0   0x080052a0   0x000000b4   Code   RO         1621    .text.xTimerCreateTimerTask  timers.o
    0x08005354   0x08005354   0x0000003e   Code   RO         2079    CL$$btod_d2e        c_w.l(btod.o)
    0x08005392   0x08005392   0x00000046   Code   RO         2081    CL$$btod_d2e_denorm_low  c_w.l(btod.o)
    0x080053d8   0x080053d8   0x00000060   Code   RO         2080    CL$$btod_d2e_norm_op1  c_w.l(btod.o)
    0x08005438   0x08005438   0x00000338   Code   RO         2089    CL$$btod_div_common  c_w.l(btod.o)
    0x08005770   0x08005770   0x000000dc   Code   RO         2086    CL$$btod_e2e        c_w.l(btod.o)
    0x0800584c   0x0800584c   0x0000002a   Code   RO         2083    CL$$btod_ediv       c_w.l(btod.o)
    0x08005876   0x08005876   0x0000002a   Code   RO         2082    CL$$btod_emul       c_w.l(btod.o)
    0x080058a0   0x080058a0   0x00000244   Code   RO         2088    CL$$btod_mult_common  c_w.l(btod.o)
    0x08005ae4   0x08005ae4   0x00000030   Code   RO         2110    i.__ARM_fpclassify  m_wm.l(fpclassify.o)
    0x08005b14   0x08005b14   0x0000000e   Code   RO         1915    i._is_digit         c_w.l(__printf_wp.o)
    0x08005b22   0x08005b22   0x00000002   PAD
    0x08005b24   0x08005b24   0x0000002c   Code   RO         2106    locale$$code        c_w.l(lc_numeric_c.o)
    0x08005b50   0x08005b50   0x0000002c   Code   RO         2189    locale$$code        c_w.l(lc_ctype_c.o)
    0x08005b7c   0x08005b7c   0x0000000c   Code   RO         2030    x$fpl$dretinf       fz_wm.l(dretinf.o)
    0x08005b88   0x08005b88   0x00000056   Code   RO         1946    x$fpl$f2d           fz_wm.l(f2d.o)
    0x08005bde   0x08005bde   0x0000008c   Code   RO         2032    x$fpl$fnaninf       fz_wm.l(fnaninf.o)
    0x08005c6a   0x08005c6a   0x0000001a   Code   RO         2197    x$fpl$fpinit        fz_wm.l(fpinit.o)
    0x08005c84   0x08005c84   0x00000004   Code   RO         1948    x$fpl$printf1       fz_wm.l(printf1.o)
    0x08005c88   0x08005c88   0x00000004   Code   RO         2034    x$fpl$printf2       fz_wm.l(printf2.o)
    0x08005c8c   0x08005c8c   0x00000000   Code   RO         2040    x$fpl$usenofp       fz_wm.l(usenofp.o)
    0x08005c8c   0x08005c8c   0x00000011   Data   RO         1923    .constdata          c_w.l(__printf_flags_ss_wp.o)
    0x08005c9d   0x08005c9d   0x00000003   PAD
    0x08005ca0   0x08005ca0   0x00000008   Data   RO         1976    .constdata          c_w.l(_printf_wctomb.o)
    0x08005ca8   0x08005ca8   0x00000028   Data   RO         2005    .constdata          c_w.l(_printf_hex_int_ll_ptr.o)
    0x08005cd0   0x08005cd0   0x00000026   Data   RO         2066    .constdata          c_w.l(_printf_fp_hex.o)
    0x08005cf6   0x08005cf6   0x00000002   PAD
    0x08005cf8   0x08005cf8   0x00000094   Data   RO         2077    .constdata          c_w.l(bigflt0.o)
    0x08005d8c   0x08005d8c   0x00000010   Data   RO         1312    .rodata.AHBPrescTable  system_stm32f4xx.o
    0x08005d9c   0x08005d9c   0x00000008   Data   RO         1313    .rodata.APBPrescTable  system_stm32f4xx.o
    0x08005da4   0x08005da4   0x00000024   Data   RO           55    .rodata.defaultTask_attributes  freertos.o
    0x08005dc8   0x08005dc8   0x0000002e   Data   RO           54    .rodata.str1.1      freertos.o
    0x08005df6   0x08005df6   0x00000017   Data   RO          175    .rodata.str1.1      fire_logic.o
    0x08005e0d   0x08005e0d   0x0000010c   Data   RO          187    .rodata.str1.1      scenario_sim.o
    0x08005f19   0x08005f19   0x0000012f   Data   RO          197    .rodata.str1.1      test_harness.o
    0x08006048   0x08006048   0x00000005   Data   RO         1661    .rodata.str1.1      timers.o
    0x0800604d   0x0800604d   0x00000003   PAD
    0x08006050   0x08006050   0x00000020   Data   RO         2273    Region$$Table       anon$$obj.o
    0x08006070   0x08006070   0x0000001c   Data   RO         2105    locale$$data        c_w.l(lc_numeric_c.o)
    0x0800608c   0x0800608c   0x00000110   Data   RO         2188    locale$$data        c_w.l(lc_ctype_c.o)


    Execution Region RW_IRAM1 (Exec base: 0x20000000, Load base: 0x080061a0, Size: 0x00005dc8, Max: 0x00020000, ABSOLUTE)

    Exec Addr    Load Addr    Size         Type   Attr      Idx    E Section Name        Object

    0x20000000   0x080061a0   0x00000008   Data   RW         1000    .data..L_MergedGlobals  stm32f4xx_hal.o
    0x20000008   0x080061a8   0x00000004   Data   RW         1311    .data.SystemCoreClock  system_stm32f4xx.o
    0x2000000c   0x080061ac   0x00000004   Data   RW           26    .data.g_temperature  main.o
    0x20000010   0x080061b0   0x00000004   Data   RW         1882    .data.uxCriticalNesting  port.o
    0x20000014   0x080061b4   0x00000004   PAD
    0x20000018        -       0x00000060   Zero   RW         2113    .bss                c_w.l(libspace.o)
    0x20000078        -       0x00000010   Zero   RW           32    .bss..L_MergedGlobals  main.o
    0x20000088        -       0x00000078   Zero   RW         1611    .bss..L_MergedGlobals  tasks.o
    0x20000100        -       0x0000003c   Zero   RW         1662    .bss..L_MergedGlobals  timers.o
    0x2000013c        -       0x00000020   Zero   RW         1847    .bss..L_MergedGlobals  heap_4.o
    0x2000015c        -       0x00000008   Zero   RW         1883    .bss..L_MergedGlobals  port.o
    0x20000164        -       0x00000028   Zero   RW         1612    .bss..L_MergedGlobals.1  tasks.o
    0x2000018c        -       0x00000004   Zero   RW         1821    .bss.KernelState    cmsis_os2.o
    0x20000190        -       0x00000004   Zero   RW           56    .bss.defaultTaskHandle  freertos.o
    0x20000194        -       0x00000d48   Zero   RW           30    .bss.g_eventLog     main.o
    0x20000edc        -       0x00000001   Zero   RW           29    .bss.g_eventLogIndex  main.o
    0x20000edd        -       0x00000001   Zero   RW           28    .bss.g_flameDetected  main.o
    0x20000ede        -       0x00000002   Zero   RW           25    .bss.g_gasADC       main.o
    0x20000ee0        -       0x00000001   Zero   RW           27    .bss.g_systemState  main.o
    0x20000ee1   0x080061b4   0x00000003   PAD
    0x20000ee4        -       0x00000048   Zero   RW          162    .bss.htim1          stm32f4xx_hal_timebase_tim.o
    0x20000f2c        -       0x00000048   Zero   RW          117    .bss.huart2         usart.o
    0x20000f74        -       0x000000a0   Zero   RW         1660    .bss.prvCheckForValidListAndQueue.ucStaticTimerQueueStorage  timers.o
    0x20001014        -       0x00000050   Zero   RW         1659    .bss.prvCheckForValidListAndQueue.xStaticTimerQueue  timers.o
    0x20001064        -       0x00000460   Zero   RW         1610    .bss.pxReadyTasksLists  tasks.o
    0x200014c4        -       0x00003c00   Zero   RW         1846    .bss.ucHeap         heap_4.o
    0x200050c4        -       0x00000004   Zero   RW          999    .bss.uwTick         stm32f4xx_hal.o
    0x200050c8        -       0x00000200   Zero   RW         1823    .bss.vApplicationGetIdleTaskMemory.Idle_Stack  cmsis_os2.o
    0x200052c8        -       0x0000005c   Zero   RW         1822    .bss.vApplicationGetIdleTaskMemory.Idle_TCB  cmsis_os2.o
    0x20005324        -       0x00000400   Zero   RW         1825    .bss.vApplicationGetTimerTaskMemory.Timer_Stack  cmsis_os2.o
    0x20005724        -       0x0000005c   Zero   RW         1824    .bss.vApplicationGetTimerTaskMemory.Timer_TCB  cmsis_os2.o
    0x20005780        -       0x00000004   Zero   RW          176    .bss.vTaskFireLogic.lastWarnTick  fire_logic.o
    0x20005784        -       0x00000040   Zero   RW         1443    .bss.xQueueRegistry  queue.o
    0x200057c4   0x080061b4   0x00000004   PAD
    0x200057c8        -       0x00000200   Zero   RW            2    HEAP                startup_stm32f411xe.o
    0x200059c8        -       0x00000400   Zero   RW            1    STACK               startup_stm32f411xe.o


==============================================================================

Image component sizes


      Code (inc. data)   RO Data    RW Data    ZI Data      Debug   Object Name

       390          0          0          0       1724      44186   cmsis_os2.o
       632        156         23          0          4       2535   fire_logic.o
       300        108         82          0          4       3105   freertos.o
       734          0          0          0      15392       5589   heap_4.o
       190          0          0          0          0       2315   list.o
       438          0          0          4       3421       8328   main.o
       900         16          0          4          8       4162   port.o
      2734          0          0          0         64      28118   queue.o
       552        136        268          0          0       1885   scenario_sim.o
        64         26        408          0       1536        832   startup_stm32f411xe.o
        92          0          0          8          4       6857   stm32f4xx_hal.o
       156          0          0          0          0      10110   stm32f4xx_hal_cortex.o
        10          0          0          0          0       5291   stm32f4xx_hal_gpio.o
        66          0          0          0          0       3076   stm32f4xx_hal_msp.o
      1442          0          0          0          0       7397   stm32f4xx_hal_rcc.o
       820          0          0          0          0      54434   stm32f4xx_hal_tim.o
         4          0          0          0          0      21002   stm32f4xx_hal_tim_ex.o
       176          0          0          0         72       6727   stm32f4xx_hal_timebase_tim.o
       376          0          0          0          0      31806   stm32f4xx_hal_uart.o
        24          0          0          0          0       4145   stm32f4xx_it.o
        18          0         24          4          0       2689   system_stm32f4xx.o
      3648          8          0          0       1280      42986   tasks.o
       384        136        303          0          0       1948   test_harness.o
      1086         20          5          0        300      16062   timers.o
         0          0          0          0         72       5022   usart.o

    ----------------------------------------------------------------------
     15376        618       1148         20      23892     320607   Object Totals
         0          0         32          0          0          0   (incl. Generated)
       140         12          3          0         11          0   (incl. Padding)

    ----------------------------------------------------------------------

      Code (inc. data)   RO Data    RW Data    ZI Data      Debug   Library Member Name

        44          6          0          0          0         84   __2sprintf.o
         8          0          0          0          0         68   __main.o
       392          4         17          0          0         92   __printf_flags_ss_wp.o
        14          0          0          0          0         68   __printf_wp.o
         0          0          0          0          0          0   __rtentry.o
        12          0          0          0          0          0   __rtentry2.o
         6          0          0          0          0          0   __rtentry4.o
        52          8          0          0          0          0   __scatter.o
        26          0          0          0          0          0   __scatter_copy.o
        28          0          0          0          0          0   __scatter_zi.o
        72          0          0          0          0         96   _c16rtomb.o
         6          0          0          0          0          0   _printf_a.o
         6          0          0          0          0          0   _printf_c.o
        44          0          0          0          0        108   _printf_char.o
        48          6          0          0          0         96   _printf_char_common.o
        40          0          0          0          0         68   _printf_charcount.o
         6          0          0          0          0          0   _printf_d.o
       120         16          0          0          0         92   _printf_dec.o
         6          0          0          0          0          0   _printf_e.o
         6          0          0          0          0          0   _printf_f.o
      1052          0          0          0          0        148   _printf_fp_dec.o
       764          8         38          0          0        100   _printf_fp_hex.o
       128         16          0          0          0         84   _printf_fp_infnan.o
         6          0          0          0          0          0   _printf_g.o
       148          4         40          0          0        160   _printf_hex_int_ll_ptr.o
         6          0          0          0          0          0   _printf_i.o
       178          0          0          0          0         88   _printf_intcommon.o
        10          0          0          0          0          0   _printf_l.o
         6          0          0          0          0          0   _printf_lc.o
        10          0          0          0          0          0   _printf_ll.o
         6          0          0          0          0          0   _printf_lld.o
         6          0          0          0          0          0   _printf_lli.o
         6          0          0          0          0          0   _printf_llo.o
         6          0          0          0          0          0   _printf_llu.o
         6          0          0          0          0          0   _printf_llx.o
       124         16          0          0          0         92   _printf_longlong_dec.o
         6          0          0          0          0          0   _printf_ls.o
         6          0          0          0          0          0   _printf_n.o
         6          0          0          0          0          0   _printf_o.o
       112          8          0          0          0        124   _printf_oct_int_ll.o
         6          0          0          0          0          0   _printf_p.o
        78          0          0          0          0        108   _printf_pad.o
         0          0          0          0          0          0   _printf_percent.o
         4          0          0          0          0          0   _printf_percent_end.o
         6          0          0          0          0          0   _printf_s.o
        82          0          0          0          0         80   _printf_str.o
        36          0          0          0          0         84   _printf_truncate.o
         6          0          0          0          0          0   _printf_u.o
        44          0          0          0          0        108   _printf_wchar.o
       188          6          8          0          0         92   _printf_wctomb.o
         6          0          0          0          0          0   _printf_x.o
        16          0          0          0          0         68   _snputc.o
        10          0          0          0          0         68   _sputc.o
        16          0          0          0          0         68   aeabi_memset4.o
       228          4        148          0          0         96   bigflt0.o
      1936        128          0          0          0        668   btod.o
        18          0          0          0          0         80   exit.o
         6          0          0          0          0        152   heapauxi.o
         0          0          0          0          0          0   indicate_semi.o
        44         10        272          0          0         76   lc_ctype_c.o
        44         10         28          0          0         76   lc_numeric_c.o
         2          0          0          0          0          0   libinit.o
        34          0          0          0          0          0   libinit2.o
         2          0          0          0          0          0   libshutdown.o
         2          0          0          0          0          0   libshutdown2.o
         8          4          0          0         96         68   libspace.o
       138          0          0          0          0         80   lludiv10.o
       240          0          0          0          0        100   lludivv7m.o
        16          4          0          0          0         76   rt_ctype_table.o
         8          4          0          0          0         68   rt_locale_intlibspace.o
        68          0          0          0          0         68   rt_memclr.o
        78          0          0          0          0         80   rt_memclr_w.o
       138          0          0          0          0         68   rt_memcpy_v6.o
       100          0          0          0          0         80   rt_memcpy_w.o
         2          0          0          0          0          0   rtexit.o
        10          0          0          0          0          0   rtexit2.o
       124          0          0          0          0         88   strcmpv7em.o
        62          0          0          0          0         76   strlen.o
        86          0          0          0          0         76   strncpy.o
        12          4          0          0          0         68   sys_exit.o
        74          0          0          0          0         80   sys_stackheap_outer.o
         2          0          0          0          0         68   use_no_semi.o
        60          4          0          0          0         80   vsnprintf.o
        12          0          0          0          0        116   dretinf.o
        86          4          0          0          0        132   f2d.o
       140          4          0          0          0        132   fnaninf.o
        26          0          0          0          0        116   fpinit.o
         4          0          0          0          0        116   printf1.o
         4          0          0          0          0        116   printf2.o
         0          0          0          0          0          0   usenofp.o
        48          0          0          0          0        124   fpclassify.o

    ----------------------------------------------------------------------
      7908        278        556          0         96       5468   Library Totals
        20          0          5          0          0          0   (incl. Padding)

    ----------------------------------------------------------------------

      Code (inc. data)   RO Data    RW Data    ZI Data      Debug   Library Name

      7568        270        551          0         96       4616   c_w.l
       272          8          0          0          0        728   fz_wm.l
        48          0          0          0          0        124   m_wm.l

    ----------------------------------------------------------------------
      7908        278        556          0         96       5468   Library Totals

    ----------------------------------------------------------------------

==============================================================================


      Code (inc. data)   RO Data    RW Data    ZI Data      Debug   

     23284        896       1704         20      23988     322587   Grand Totals
     23284        896       1704         20      23988     322587   ELF Image Totals
     23284        896       1704         20          0          0   ROM Totals

==============================================================================

    Total RO  Size (Code + RO Data)                24988 (  24.40kB)
    Total RW  Size (RW Data + ZI Data)             24008 (  23.45kB)
    Total ROM Size (Code + RO Data + RW Data)      25008 (  24.42kB)

==============================================================================

